<?xml version="1.0"?>
<link_info>
   <banner>TMS320C6x Linker PC v7.4.2</banner>
   <copyright>Copyright (c) 1996-2012 Texas Instruments Incorporated</copyright>
   <link_time>0x5623256b</link_time>
   <output_file>C6747_SDRAM.out</output_file>
   <entry_point>
      <name>_c_int00</name>
      <address>0x118065c0</address>
   </entry_point>
   <input_file_list>
      <input_file id="fl-2">
         <path>.\all\</path>
         <kind>object</kind>
         <file>sdram_test.obj</file>
         <name>sdram_test.obj</name>
      </input_file>
      <input_file id="fl-3">
         <path>.\all\</path>
         <kind>object</kind>
         <file>main.obj</file>
         <name>main.obj</name>
      </input_file>
      <input_file id="fl-4">
         <path>.\all\</path>
         <kind>object</kind>
         <file>init.obj</file>
         <name>init.obj</name>
      </input_file>
      <input_file id="fl-5">
         <path>.\all\</path>
         <kind>object</kind>
         <file>flash.obj</file>
         <name>flash.obj</name>
      </input_file>
      <input_file id="fl-6">
         <path>.\all\</path>
         <kind>object</kind>
         <file>C6747.obj</file>
         <name>C6747.obj</name>
      </input_file>
      <input_file id="fl-81">
         <path>C:\ti\ccsv5\tools\compiler\c6000_7.4.2\lib\</path>
         <kind>archive</kind>
         <file>rts6740.lib</file>
         <name>boot.obj</name>
      </input_file>
      <input_file id="fl-82">
         <path>C:\ti\ccsv5\tools\compiler\c6000_7.4.2\lib\</path>
         <kind>archive</kind>
         <file>rts6740.lib</file>
         <name>exit.obj</name>
      </input_file>
      <input_file id="fl-83">
         <path>C:\ti\ccsv5\tools\compiler\c6000_7.4.2\lib\</path>
         <kind>archive</kind>
         <file>rts6740.lib</file>
         <name>printf.obj</name>
      </input_file>
      <input_file id="fl-84">
         <path>C:\ti\ccsv5\tools\compiler\c6000_7.4.2\lib\</path>
         <kind>archive</kind>
         <file>rts6740.lib</file>
         <name>_lock.obj</name>
      </input_file>
      <input_file id="fl-85">
         <path>C:\ti\ccsv5\tools\compiler\c6000_7.4.2\lib\</path>
         <kind>archive</kind>
         <file>rts6740.lib</file>
         <name>_printfi.obj</name>
      </input_file>
      <input_file id="fl-86">
         <path>C:\ti\ccsv5\tools\compiler\c6000_7.4.2\lib\</path>
         <kind>archive</kind>
         <file>rts6740.lib</file>
         <name>args_main.obj</name>
      </input_file>
      <input_file id="fl-87">
         <path>C:\ti\ccsv5\tools\compiler\c6000_7.4.2\lib\</path>
         <kind>archive</kind>
         <file>rts6740.lib</file>
         <name>atoi.obj</name>
      </input_file>
      <input_file id="fl-88">
         <path>C:\ti\ccsv5\tools\compiler\c6000_7.4.2\lib\</path>
         <kind>archive</kind>
         <file>rts6740.lib</file>
         <name>autoinit.obj</name>
      </input_file>
      <input_file id="fl-89">
         <path>C:\ti\ccsv5\tools\compiler\c6000_7.4.2\lib\</path>
         <kind>archive</kind>
         <file>rts6740.lib</file>
         <name>cpp_init.obj</name>
      </input_file>
      <input_file id="fl-8a">
         <path>C:\ti\ccsv5\tools\compiler\c6000_7.4.2\lib\</path>
         <kind>archive</kind>
         <file>rts6740.lib</file>
         <name>cpy_tbl.obj</name>
      </input_file>
      <input_file id="fl-8b">
         <path>C:\ti\ccsv5\tools\compiler\c6000_7.4.2\lib\</path>
         <kind>archive</kind>
         <file>rts6740.lib</file>
         <name>ctype.obj</name>
      </input_file>
      <input_file id="fl-8c">
         <path>C:\ti\ccsv5\tools\compiler\c6000_7.4.2\lib\</path>
         <kind>archive</kind>
         <file>rts6740.lib</file>
         <name>defs.obj</name>
      </input_file>
      <input_file id="fl-8d">
         <path>C:\ti\ccsv5\tools\compiler\c6000_7.4.2\lib\</path>
         <kind>archive</kind>
         <file>rts6740.lib</file>
         <name>divd.obj</name>
      </input_file>
      <input_file id="fl-8e">
         <path>C:\ti\ccsv5\tools\compiler\c6000_7.4.2\lib\</path>
         <kind>archive</kind>
         <file>rts6740.lib</file>
         <name>divu.obj</name>
      </input_file>
      <input_file id="fl-8f">
         <path>C:\ti\ccsv5\tools\compiler\c6000_7.4.2\lib\</path>
         <kind>archive</kind>
         <file>rts6740.lib</file>
         <name>fixdli.obj</name>
      </input_file>
      <input_file id="fl-90">
         <path>C:\ti\ccsv5\tools\compiler\c6000_7.4.2\lib\</path>
         <kind>archive</kind>
         <file>rts6740.lib</file>
         <name>fltlid.obj</name>
      </input_file>
      <input_file id="fl-91">
         <path>C:\ti\ccsv5\tools\compiler\c6000_7.4.2\lib\</path>
         <kind>archive</kind>
         <file>rts6740.lib</file>
         <name>fputc.obj</name>
      </input_file>
      <input_file id="fl-92">
         <path>C:\ti\ccsv5\tools\compiler\c6000_7.4.2\lib\</path>
         <kind>archive</kind>
         <file>rts6740.lib</file>
         <name>fputs.obj</name>
      </input_file>
      <input_file id="fl-93">
         <path>C:\ti\ccsv5\tools\compiler\c6000_7.4.2\lib\</path>
         <kind>archive</kind>
         <file>rts6740.lib</file>
         <name>frcmpyd_div.obj</name>
      </input_file>
      <input_file id="fl-94">
         <path>C:\ti\ccsv5\tools\compiler\c6000_7.4.2\lib\</path>
         <kind>archive</kind>
         <file>rts6740.lib</file>
         <name>imath40.obj</name>
      </input_file>
      <input_file id="fl-95">
         <path>C:\ti\ccsv5\tools\compiler\c6000_7.4.2\lib\</path>
         <kind>archive</kind>
         <file>rts6740.lib</file>
         <name>imath64.obj</name>
      </input_file>
      <input_file id="fl-96">
         <path>C:\ti\ccsv5\tools\compiler\c6000_7.4.2\lib\</path>
         <kind>archive</kind>
         <file>rts6740.lib</file>
         <name>isinf.obj</name>
      </input_file>
      <input_file id="fl-97">
         <path>C:\ti\ccsv5\tools\compiler\c6000_7.4.2\lib\</path>
         <kind>archive</kind>
         <file>rts6740.lib</file>
         <name>llshift.obj</name>
      </input_file>
      <input_file id="fl-98">
         <path>C:\ti\ccsv5\tools\compiler\c6000_7.4.2\lib\</path>
         <kind>archive</kind>
         <file>rts6740.lib</file>
         <name>lowlev.obj</name>
      </input_file>
      <input_file id="fl-99">
         <path>C:\ti\ccsv5\tools\compiler\c6000_7.4.2\lib\</path>
         <kind>archive</kind>
         <file>rts6740.lib</file>
         <name>ltoa.obj</name>
      </input_file>
      <input_file id="fl-9a">
         <path>C:\ti\ccsv5\tools\compiler\c6000_7.4.2\lib\</path>
         <kind>archive</kind>
         <file>rts6740.lib</file>
         <name>memccpy.obj</name>
      </input_file>
      <input_file id="fl-9b">
         <path>C:\ti\ccsv5\tools\compiler\c6000_7.4.2\lib\</path>
         <kind>archive</kind>
         <file>rts6740.lib</file>
         <name>memcpy64.obj</name>
      </input_file>
      <input_file id="fl-9c">
         <path>C:\ti\ccsv5\tools\compiler\c6000_7.4.2\lib\</path>
         <kind>archive</kind>
         <file>rts6740.lib</file>
         <name>memset.obj</name>
      </input_file>
      <input_file id="fl-9d">
         <path>C:\ti\ccsv5\tools\compiler\c6000_7.4.2\lib\</path>
         <kind>archive</kind>
         <file>rts6740.lib</file>
         <name>negll.obj</name>
      </input_file>
      <input_file id="fl-9e">
         <path>C:\ti\ccsv5\tools\compiler\c6000_7.4.2\lib\</path>
         <kind>archive</kind>
         <file>rts6740.lib</file>
         <name>trgdrv.obj</name>
      </input_file>
      <input_file id="fl-9f">
         <path>C:\ti\ccsv5\tools\compiler\c6000_7.4.2\lib\</path>
         <kind>archive</kind>
         <file>rts6740.lib</file>
         <name>trgmsg.obj</name>
      </input_file>
      <input_file id="fl-a0">
         <path>C:\ti\ccsv5\tools\compiler\c6000_7.4.2\lib\</path>
         <kind>archive</kind>
         <file>rts6740.lib</file>
         <name>_io_perm.obj</name>
      </input_file>
      <input_file id="fl-a1">
         <path>C:\ti\ccsv5\tools\compiler\c6000_7.4.2\lib\</path>
         <kind>archive</kind>
         <file>rts6740.lib</file>
         <name>abs.obj</name>
      </input_file>
      <input_file id="fl-a2">
         <path>C:\ti\ccsv5\tools\compiler\c6000_7.4.2\lib\</path>
         <kind>archive</kind>
         <file>rts6740.lib</file>
         <name>fflush.obj</name>
      </input_file>
      <input_file id="fl-a3">
         <path>C:\ti\ccsv5\tools\compiler\c6000_7.4.2\lib\</path>
         <kind>archive</kind>
         <file>rts6740.lib</file>
         <name>fseek.obj</name>
      </input_file>
      <input_file id="fl-a4">
         <path>C:\ti\ccsv5\tools\compiler\c6000_7.4.2\lib\</path>
         <kind>archive</kind>
         <file>rts6740.lib</file>
         <name>setvbuf.obj</name>
      </input_file>
      <input_file id="fl-a5">
         <path>C:\ti\ccsv5\tools\compiler\c6000_7.4.2\lib\</path>
         <kind>archive</kind>
         <file>rts6740.lib</file>
         <name>fopen.obj</name>
      </input_file>
      <input_file id="fl-a6">
         <path>C:\ti\ccsv5\tools\compiler\c6000_7.4.2\lib\</path>
         <kind>archive</kind>
         <file>rts6740.lib</file>
         <name>memory.obj</name>
      </input_file>
      <input_file id="fl-a7">
         <path>C:\ti\ccsv5\tools\compiler\c6000_7.4.2\lib\</path>
         <kind>archive</kind>
         <file>rts6740.lib</file>
         <name>fclose.obj</name>
      </input_file>
      <input_file id="fl-a8">
         <path>C:\ti\ccsv5\tools\compiler\c6000_7.4.2\lib\</path>
         <kind>archive</kind>
         <file>rts6740.lib</file>
         <name>remove.obj</name>
      </input_file>
   </input_file_list>
   <object_component_list>
      <object_component id="oc-cc">
         <name>.text</name>
         <load_address>0x11800000</load_address>
         <run_address>0x11800000</run_address>
         <size>0x680</size>
         <input_file_ref idref="fl-4"/>
      </object_component>
      <object_component id="oc-ca">
         <name>.text</name>
         <load_address>0x11800680</load_address>
         <run_address>0x11800680</run_address>
         <size>0x5e0</size>
         <input_file_ref idref="fl-5"/>
      </object_component>
      <object_component id="oc-f3">
         <name>.text:__divd</name>
         <load_address>0x11800c60</load_address>
         <run_address>0x11800c60</run_address>
         <size>0x5a0</size>
         <input_file_ref idref="fl-8d"/>
      </object_component>
      <object_component id="oc-e7">
         <name>.text:__getarg_diouxp</name>
         <load_address>0x11801200</load_address>
         <run_address>0x11801200</run_address>
         <size>0x580</size>
         <input_file_ref idref="fl-85"/>
      </object_component>
      <object_component id="oc-cf">
         <name>.text:__printfi</name>
         <load_address>0x11801780</load_address>
         <run_address>0x11801780</run_address>
         <size>0x440</size>
         <input_file_ref idref="fl-85"/>
      </object_component>
      <object_component id="oc-d4">
         <name>.text:__setfield</name>
         <load_address>0x11801bc0</load_address>
         <run_address>0x11801bc0</run_address>
         <size>0x440</size>
         <input_file_ref idref="fl-85"/>
      </object_component>
      <object_component id="oc-d1">
         <name>.text:_fputs</name>
         <load_address>0x11802000</load_address>
         <run_address>0x11802000</run_address>
         <size>0x3a0</size>
         <input_file_ref idref="fl-92"/>
      </object_component>
      <object_component id="oc-dc">
         <name>.text:__pproc_fge</name>
         <load_address>0x118023a0</load_address>
         <run_address>0x118023a0</run_address>
         <size>0x320</size>
         <input_file_ref idref="fl-85"/>
      </object_component>
      <object_component id="oc-d3">
         <name>.text:__pproc_fwp</name>
         <load_address>0x118026c0</load_address>
         <run_address>0x118026c0</run_address>
         <size>0x2c0</size>
         <input_file_ref idref="fl-85"/>
      </object_component>
      <object_component id="oc-ee">
         <name>.text:_ecvt</name>
         <load_address>0x11802980</load_address>
         <run_address>0x11802980</run_address>
         <size>0x2a0</size>
         <input_file_ref idref="fl-85"/>
      </object_component>
      <object_component id="oc-f1">
         <name>.text:_fcvt</name>
         <load_address>0x11802c20</load_address>
         <run_address>0x11802c20</run_address>
         <size>0x2a0</size>
         <input_file_ref idref="fl-85"/>
      </object_component>
      <object_component id="oc-eb">
         <name>.text:_free</name>
         <load_address>0x11802ec0</load_address>
         <run_address>0x11802ec0</run_address>
         <size>0x280</size>
         <input_file_ref idref="fl-a6"/>
      </object_component>
      <object_component id="oc-ff">
         <name>.text:__divull</name>
         <load_address>0x11803140</load_address>
         <run_address>0x11803140</run_address>
         <size>0x260</size>
         <input_file_ref idref="fl-95"/>
      </object_component>
      <object_component id="oc-e6">
         <name>.text:__pconv_e</name>
         <load_address>0x118033a0</load_address>
         <run_address>0x118033a0</run_address>
         <size>0x260</size>
         <input_file_ref idref="fl-85"/>
      </object_component>
      <object_component id="oc-dd">
         <name>.text:__pproc_diouxp</name>
         <load_address>0x11803600</load_address>
         <run_address>0x11803600</run_address>
         <size>0x240</size>
         <input_file_ref idref="fl-85"/>
      </object_component>
      <object_component id="oc-c9">
         <name>.text</name>
         <load_address>0x11803840</load_address>
         <run_address>0x11803840</run_address>
         <size>0x220</size>
         <input_file_ref idref="fl-6"/>
      </object_component>
      <object_component id="oc-d5">
         <name>.text:__pproc_str</name>
         <load_address>0x11803a60</load_address>
         <run_address>0x11803a60</run_address>
         <size>0x220</size>
         <input_file_ref idref="fl-85"/>
      </object_component>
      <object_component id="oc-d6">
         <name>.text:_fputc</name>
         <load_address>0x11803c80</load_address>
         <run_address>0x11803c80</run_address>
         <size>0x220</size>
         <input_file_ref idref="fl-91"/>
      </object_component>
      <object_component id="oc-e4">
         <name>.text:__pconv_g</name>
         <load_address>0x11803ea0</load_address>
         <run_address>0x11803ea0</run_address>
         <size>0x200</size>
         <input_file_ref idref="fl-85"/>
      </object_component>
      <object_component id="oc-e0">
         <name>.text:_setvbuf</name>
         <load_address>0x118040a0</load_address>
         <run_address>0x118040a0</run_address>
         <size>0x200</size>
         <input_file_ref idref="fl-a4"/>
      </object_component>
      <object_component id="oc-f0">
         <name>.text:__mcpy</name>
         <load_address>0x118042a0</load_address>
         <run_address>0x118042a0</run_address>
         <size>0x1c0</size>
         <input_file_ref idref="fl-85"/>
      </object_component>
      <object_component id="oc-fe">
         <name>.text:__divul</name>
         <load_address>0x11804460</load_address>
         <run_address>0x11804460</run_address>
         <size>0x1a0</size>
         <input_file_ref idref="fl-94"/>
      </object_component>
      <object_component id="oc-c1">
         <name>.text:_HOSTrename</name>
         <load_address>0x11804600</load_address>
         <run_address>0x11804600</run_address>
         <size>0x180</size>
         <input_file_ref idref="fl-9e"/>
      </object_component>
      <object_component id="oc-ec">
         <name>.text:_malloc</name>
         <load_address>0x11804780</load_address>
         <run_address>0x11804780</run_address>
         <size>0x180</size>
         <input_file_ref idref="fl-a6"/>
      </object_component>
      <object_component id="oc-d2">
         <name>.text:__pproc_fflags</name>
         <load_address>0x11804900</load_address>
         <run_address>0x11804900</run_address>
         <size>0x140</size>
         <input_file_ref idref="fl-85"/>
      </object_component>
      <object_component id="oc-107">
         <name>.text:_getdevice</name>
         <load_address>0x11804a40</load_address>
         <run_address>0x11804a40</run_address>
         <size>0x140</size>
         <input_file_ref idref="fl-98"/>
      </object_component>
      <object_component id="oc-f7">
         <name>.text:__closefile</name>
         <load_address>0x11804b80</load_address>
         <run_address>0x11804b80</run_address>
         <size>0x120</size>
         <input_file_ref idref="fl-a7"/>
      </object_component>
      <object_component id="oc-e9">
         <name>.text:__ltostr</name>
         <load_address>0x11804ca0</load_address>
         <run_address>0x11804ca0</run_address>
         <size>0x120</size>
         <input_file_ref idref="fl-85"/>
      </object_component>
      <object_component id="oc-df">
         <name>.text:_fseek</name>
         <load_address>0x11804dc0</load_address>
         <run_address>0x11804dc0</run_address>
         <size>0x120</size>
         <input_file_ref idref="fl-a3"/>
      </object_component>
      <object_component id="oc-bf">
         <name>.text:_HOSTlseek</name>
         <load_address>0x11804ee0</load_address>
         <run_address>0x11804ee0</run_address>
         <size>0x100</size>
         <input_file_ref idref="fl-9e"/>
      </object_component>
      <object_component id="oc-d7">
         <name>.text:__wrt_ok</name>
         <load_address>0x11804fe0</load_address>
         <run_address>0x11804fe0</run_address>
         <size>0x100</size>
         <input_file_ref idref="fl-a0"/>
      </object_component>
      <object_component id="oc-bb">
         <name>.text:_HOSTopen</name>
         <load_address>0x118050e0</load_address>
         <run_address>0x118050e0</run_address>
         <size>0xe0</size>
         <input_file_ref idref="fl-9e"/>
      </object_component>
      <object_component id="oc-db">
         <name>.text:_atoi</name>
         <load_address>0x118051c0</load_address>
         <run_address>0x118051c0</run_address>
         <size>0xe0</size>
         <input_file_ref idref="fl-87"/>
      </object_component>
      <object_component id="oc-100">
         <name>.text:_close</name>
         <load_address>0x118052a0</load_address>
         <run_address>0x118052a0</run_address>
         <size>0xe0</size>
         <input_file_ref idref="fl-98"/>
      </object_component>
      <object_component id="oc-da">
         <name>.text:_memset</name>
         <load_address>0x11805380</load_address>
         <run_address>0x11805380</run_address>
         <size>0xe0</size>
         <input_file_ref idref="fl-9c"/>
      </object_component>
      <object_component id="oc-cb">
         <name>.text:_printf</name>
         <load_address>0x11805460</load_address>
         <run_address>0x11805460</run_address>
         <size>0xe0</size>
         <input_file_ref idref="fl-83"/>
      </object_component>
      <object_component id="oc-bd">
         <name>.text:_HOSTread</name>
         <load_address>0x11805540</load_address>
         <run_address>0x11805540</run_address>
         <size>0xc0</size>
         <input_file_ref idref="fl-9e"/>
      </object_component>
      <object_component id="oc-c0">
         <name>.text:_HOSTunlink</name>
         <load_address>0x11805600</load_address>
         <run_address>0x11805600</run_address>
         <size>0xc0</size>
         <input_file_ref idref="fl-9e"/>
      </object_component>
      <object_component id="oc-be">
         <name>.text:_HOSTwrite</name>
         <load_address>0x118056c0</load_address>
         <run_address>0x118056c0</run_address>
         <size>0xc0</size>
         <input_file_ref idref="fl-9e"/>
      </object_component>
      <object_component id="oc-b7">
         <name>.text:__auto_init</name>
         <load_address>0x11805780</load_address>
         <run_address>0x11805780</run_address>
         <size>0xc0</size>
         <input_file_ref idref="fl-88"/>
      </object_component>
      <object_component id="oc-f4">
         <name>.text:__div</name>
         <load_address>0x11805840</load_address>
         <run_address>0x11805840</run_address>
         <size>0xc0</size>
         <input_file_ref idref="fl-85"/>
      </object_component>
      <object_component id="oc-fd">
         <name>.text:__divu</name>
         <load_address>0x11805900</load_address>
         <run_address>0x11805900</run_address>
         <size>0xc0</size>
         <input_file_ref idref="fl-8e"/>
      </object_component>
      <object_component id="oc-d8">
         <name>.text:__doflush</name>
         <load_address>0x118059c0</load_address>
         <run_address>0x118059c0</run_address>
         <size>0xc0</size>
         <input_file_ref idref="fl-a2"/>
      </object_component>
      <object_component id="oc-b9">
         <name>.text:_exit</name>
         <load_address>0x11805a80</load_address>
         <run_address>0x11805a80</run_address>
         <size>0xc0</size>
         <input_file_ref idref="fl-82"/>
      </object_component>
      <object_component id="oc-f9">
         <name>.text:_ltoa</name>
         <load_address>0x11805b40</load_address>
         <run_address>0x11805b40</run_address>
         <size>0xc0</size>
         <input_file_ref idref="fl-99"/>
      </object_component>
      <object_component id="oc-bc">
         <name>.text:_HOSTclose</name>
         <load_address>0x11805c00</load_address>
         <run_address>0x11805c00</run_address>
         <size>0xa0</size>
         <input_file_ref idref="fl-9e"/>
      </object_component>
      <object_component id="oc-ed">
         <name>.text:__cleanup</name>
         <load_address>0x11805ca0</load_address>
         <run_address>0x11805ca0</run_address>
         <size>0xa0</size>
         <input_file_ref idref="fl-a5"/>
      </object_component>
      <object_component id="oc-103">
         <name>.text:__divli</name>
         <load_address>0x11805d40</load_address>
         <run_address>0x11805d40</run_address>
         <size>0xa0</size>
         <input_file_ref idref="fl-94"/>
      </object_component>
      <object_component id="oc-ef">
         <name>.text:__ecpy</name>
         <load_address>0x11805de0</load_address>
         <run_address>0x11805de0</run_address>
         <size>0xa0</size>
         <input_file_ref idref="fl-85"/>
      </object_component>
      <object_component id="oc-f2">
         <name>.text:__fcpy</name>
         <load_address>0x11805e80</load_address>
         <run_address>0x11805e80</run_address>
         <size>0xa0</size>
         <input_file_ref idref="fl-85"/>
      </object_component>
      <object_component id="oc-f8">
         <name>.text:__fixdli</name>
         <load_address>0x11805f20</load_address>
         <run_address>0x11805f20</run_address>
         <size>0xa0</size>
         <input_file_ref idref="fl-8f"/>
      </object_component>
      <object_component id="oc-e5">
         <name>.text:__pconv_f</name>
         <load_address>0x11805fc0</load_address>
         <run_address>0x11805fc0</run_address>
         <size>0xa0</size>
         <input_file_ref idref="fl-85"/>
      </object_component>
      <object_component id="oc-c2">
         <name>.text:_copy_in</name>
         <load_address>0x11806060</load_address>
         <run_address>0x11806060</run_address>
         <size>0xa0</size>
         <input_file_ref idref="fl-8a"/>
      </object_component>
      <object_component id="oc-108">
         <name>.text:_finddevice</name>
         <load_address>0x11806100</load_address>
         <run_address>0x11806100</run_address>
         <size>0xa0</size>
         <input_file_ref idref="fl-98"/>
      </object_component>
      <object_component id="oc-ea">
         <name>.text:_lseek</name>
         <load_address>0x118061a0</load_address>
         <run_address>0x118061a0</run_address>
         <size>0xa0</size>
         <input_file_ref idref="fl-98"/>
      </object_component>
      <object_component id="oc-c3">
         <name>.text:_memcpy</name>
         <load_address>0x11806240</load_address>
         <run_address>0x11806240</run_address>
         <size>0xa0</size>
         <input_file_ref idref="fl-9b"/>
      </object_component>
      <object_component id="oc-f6">
         <name>.text:_minsert</name>
         <load_address>0x118062e0</load_address>
         <run_address>0x118062e0</run_address>
         <size>0xa0</size>
         <input_file_ref idref="fl-a6"/>
      </object_component>
      <object_component id="oc-f5">
         <name>.text:_mremove</name>
         <load_address>0x11806380</load_address>
         <run_address>0x11806380</run_address>
         <size>0xa0</size>
         <input_file_ref idref="fl-a6"/>
      </object_component>
      <object_component id="oc-d9">
         <name>.text:_write</name>
         <load_address>0x11806420</load_address>
         <run_address>0x11806420</run_address>
         <size>0xa0</size>
         <input_file_ref idref="fl-98"/>
      </object_component>
      <object_component id="oc-fa">
         <name>.text:__fltlid</name>
         <load_address>0x118064c0</load_address>
         <run_address>0x118064c0</run_address>
         <size>0x80</size>
         <input_file_ref idref="fl-90"/>
      </object_component>
      <object_component id="oc-104">
         <name>.text:__llshl</name>
         <load_address>0x11806540</load_address>
         <run_address>0x11806540</run_address>
         <size>0x80</size>
         <input_file_ref idref="fl-97"/>
      </object_component>
      <object_component id="oc-17">
         <name>.text:_c_int00</name>
         <load_address>0x118065c0</load_address>
         <run_address>0x118065c0</run_address>
         <size>0x80</size>
         <input_file_ref idref="fl-81"/>
      </object_component>
      <object_component id="oc-c8">
         <name>.text:_readmsg</name>
         <load_address>0x11806640</load_address>
         <run_address>0x11806640</run_address>
         <size>0x80</size>
         <input_file_ref idref="fl-9f"/>
      </object_component>
      <object_component id="oc-106">
         <name>.text:_unlink</name>
         <load_address>0x118066c0</load_address>
         <run_address>0x118066c0</run_address>
         <size>0x80</size>
         <input_file_ref idref="fl-98"/>
      </object_component>
      <object_component id="oc-c5">
         <name>.text</name>
         <load_address>0x11806740</load_address>
         <run_address>0x11806740</run_address>
         <size>0x80</size>
         <input_file_ref idref="fl-3"/>
      </object_component>
      <object_component id="oc-c4">
         <name>.text:___TI_cpp_init</name>
         <load_address>0x118067c0</load_address>
         <run_address>0x118067c0</run_address>
         <size>0x60</size>
         <input_file_ref idref="fl-89"/>
      </object_component>
      <object_component id="oc-105">
         <name>.text:__subcull</name>
         <load_address>0x11806820</load_address>
         <run_address>0x11806820</run_address>
         <size>0x60</size>
         <input_file_ref idref="fl-95"/>
      </object_component>
      <object_component id="oc-de">
         <name>.text:_memccpy</name>
         <load_address>0x11806880</load_address>
         <run_address>0x11806880</run_address>
         <size>0x60</size>
         <input_file_ref idref="fl-9a"/>
      </object_component>
      <object_component id="oc-c7">
         <name>.text:_writemsg</name>
         <load_address>0x118068e0</load_address>
         <run_address>0x118068e0</run_address>
         <size>0x60</size>
         <input_file_ref idref="fl-9f"/>
      </object_component>
      <object_component id="oc-e3">
         <name>.text:___isinf</name>
         <load_address>0x11806940</load_address>
         <run_address>0x11806940</run_address>
         <size>0x40</size>
         <input_file_ref idref="fl-96"/>
      </object_component>
      <object_component id="oc-e2">
         <name>.text:___isnan</name>
         <load_address>0x11806980</load_address>
         <run_address>0x11806980</run_address>
         <size>0x40</size>
         <input_file_ref idref="fl-85"/>
      </object_component>
      <object_component id="oc-b8">
         <name>.text:__args_main</name>
         <load_address>0x118069c0</load_address>
         <run_address>0x118069c0</run_address>
         <size>0x40</size>
         <input_file_ref idref="fl-86"/>
      </object_component>
      <object_component id="oc-fc">
         <name>.text:__frcmpyd_div</name>
         <load_address>0x11806a00</load_address>
         <run_address>0x11806a00</run_address>
         <size>0x40</size>
         <input_file_ref idref="fl-93"/>
      </object_component>
      <object_component id="oc-fb">
         <name>.text:__llshru</name>
         <load_address>0x11806a40</load_address>
         <run_address>0x11806a40</run_address>
         <size>0x40</size>
         <input_file_ref idref="fl-97"/>
      </object_component>
      <object_component id="oc-102">
         <name>.text:__remli</name>
         <load_address>0x11806a80</load_address>
         <run_address>0x11806a80</run_address>
         <size>0x40</size>
         <input_file_ref idref="fl-94"/>
      </object_component>
      <object_component id="oc-e8">
         <name>.text:__negll</name>
         <load_address>0x11806ac0</load_address>
         <run_address>0x11806ac0</run_address>
         <size>0x20</size>
         <input_file_ref idref="fl-9d"/>
      </object_component>
      <object_component id="oc-ba">
         <name>.text:__nop</name>
         <load_address>0x11806ae0</load_address>
         <run_address>0x11806ae0</run_address>
         <size>0x20</size>
         <input_file_ref idref="fl-84"/>
      </object_component>
      <object_component id="oc-d0">
         <name>.text:__outc</name>
         <load_address>0x11806b00</load_address>
         <run_address>0x11806b00</run_address>
         <size>0x20</size>
         <input_file_ref idref="fl-83"/>
      </object_component>
      <object_component id="oc-ce">
         <name>.text:__outs</name>
         <load_address>0x11806b20</load_address>
         <run_address>0x11806b20</run_address>
         <size>0x20</size>
         <input_file_ref idref="fl-83"/>
      </object_component>
      <object_component id="oc-c6">
         <name>.text:_abort</name>
         <load_address>0x11806b40</load_address>
         <run_address>0x11806b40</run_address>
         <size>0x20</size>
         <input_file_ref idref="fl-82"/>
      </object_component>
      <object_component id="oc-101">
         <name>.text:_remove</name>
         <load_address>0x11806b60</load_address>
         <run_address>0x11806b60</run_address>
         <size>0x20</size>
         <input_file_ref idref="fl-a8"/>
      </object_component>
      <object_component id="oc-30">
         <name>.stack</name>
         <uninitialized>true</uninitialized>
         <run_address>0x118091d8</run_address>
         <size>0x8</size>
         <input_file_ref idref="fl-81"/>
      </object_component>
      <object_component id="oc-127">
         <name>.stack</name>
         <uninitialized>true</uninitialized>
         <run_address>0x118091d8</run_address>
         <size>0x0</size>
      </object_component>
      <object_component id="oc-94">
         <name>.cio</name>
         <uninitialized>true</uninitialized>
         <run_address>0x1180a5d4</run_address>
         <size>0x120</size>
         <input_file_ref idref="fl-9f"/>
      </object_component>
      <object_component id="oc-19">
         <name>.const:.string</name>
         <load_address>0x1180a1d8</load_address>
         <run_address>0x1180a1d8</run_address>
         <size>0x164</size>
         <input_file_ref idref="fl-2"/>
      </object_component>
      <object_component id="oc-69">
         <name>.const:.string</name>
         <load_address>0x1180a33c</load_address>
         <run_address>0x1180a33c</run_address>
         <size>0x2</size>
         <input_file_ref idref="fl-92"/>
      </object_component>
      <object_component id="oc-e1">
         <name>.const:.string:__ctypes_</name>
         <load_address>0x1180a340</load_address>
         <run_address>0x1180a340</run_address>
         <size>0x101</size>
         <input_file_ref idref="fl-8b"/>
      </object_component>
      <object_component id="oc-41">
         <name>.const:.string</name>
         <load_address>0x1180a441</load_address>
         <run_address>0x1180a441</run_address>
         <size>0x23</size>
         <input_file_ref idref="fl-85"/>
      </object_component>
      <object_component id="oc-1f">
         <name>.const:.string</name>
         <load_address>0x1180a464</load_address>
         <run_address>0x1180a464</run_address>
         <size>0x1c</size>
         <input_file_ref idref="fl-3"/>
      </object_component>
      <object_component id="oc-cd">
         <name>.switch:__resetEMIF</name>
         <load_address>0x1180a6f4</load_address>
         <run_address>0x1180a6f4</run_address>
         <size>0x10</size>
         <input_file_ref idref="fl-6"/>
      </object_component>
      <object_component id="oc-ae">
         <name>.sysmem</name>
         <uninitialized>true</uninitialized>
         <run_address>0x118099d8</run_address>
         <size>0x8</size>
         <input_file_ref idref="fl-a6"/>
      </object_component>
      <object_component id="oc-128">
         <name>.sysmem</name>
         <uninitialized>true</uninitialized>
         <run_address>0x118099d8</run_address>
         <size>0x0</size>
      </object_component>
      <object_component id="oc-1e">
         <name>.far</name>
         <uninitialized>true</uninitialized>
         <run_address>0x11806b80</run_address>
         <size>0x21ec</size>
         <input_file_ref idref="fl-3"/>
      </object_component>
      <object_component id="oc-35">
         <name>.far</name>
         <uninitialized>true</uninitialized>
         <run_address>0x118091b4</run_address>
         <size>0xc</size>
         <input_file_ref idref="fl-82"/>
      </object_component>
      <object_component id="oc-3d">
         <name>.far</name>
         <uninitialized>true</uninitialized>
         <run_address>0x118091c0</run_address>
         <size>0x8</size>
         <input_file_ref idref="fl-84"/>
      </object_component>
      <object_component id="oc-57">
         <name>.far</name>
         <uninitialized>true</uninitialized>
         <run_address>0x11808d70</run_address>
         <size>0x324</size>
         <input_file_ref idref="fl-8c"/>
      </object_component>
      <object_component id="oc-7d">
         <name>.far</name>
         <uninitialized>true</uninitialized>
         <run_address>0x11809098</run_address>
         <size>0x11c</size>
         <input_file_ref idref="fl-98"/>
      </object_component>
      <object_component id="oc-90">
         <name>.far</name>
         <uninitialized>true</uninitialized>
         <run_address>0x118091d0</run_address>
         <size>0x8</size>
         <input_file_ref idref="fl-9e"/>
      </object_component>
      <object_component id="oc-a8">
         <name>.far</name>
         <uninitialized>true</uninitialized>
         <run_address>0x11808d6c</run_address>
         <size>0x4</size>
         <input_file_ref idref="fl-a5"/>
      </object_component>
      <object_component id="oc-ad">
         <name>.far</name>
         <uninitialized>true</uninitialized>
         <run_address>0x118091c8</run_address>
         <size>0x8</size>
         <input_file_ref idref="fl-a6"/>
      </object_component>
      <object_component id="oc-56">
         <name>.cinit</name>
         <load_address>0x1180a480</load_address>
         <run_address>0x1180a480</run_address>
         <size>0x5c</size>
         <input_file_ref idref="fl-8c"/>
      </object_component>
      <object_component id="oc-7c">
         <name>.cinit</name>
         <load_address>0x1180a4e0</load_address>
         <run_address>0x1180a4e0</run_address>
         <size>0x5c</size>
         <input_file_ref idref="fl-98"/>
      </object_component>
      <object_component id="oc-34">
         <name>.cinit</name>
         <load_address>0x1180a540</load_address>
         <run_address>0x1180a540</run_address>
         <size>0x2c</size>
         <input_file_ref idref="fl-82"/>
      </object_component>
      <object_component id="oc-ac">
         <name>.cinit</name>
         <load_address>0x1180a570</load_address>
         <run_address>0x1180a570</run_address>
         <size>0x2c</size>
         <input_file_ref idref="fl-a6"/>
      </object_component>
      <object_component id="oc-3c">
         <name>.cinit</name>
         <load_address>0x1180a5a0</load_address>
         <run_address>0x1180a5a0</run_address>
         <size>0x1c</size>
         <input_file_ref idref="fl-84"/>
      </object_component>
      <object_component id="oc-a7">
         <name>.cinit</name>
         <load_address>0x1180a5c0</load_address>
         <run_address>0x1180a5c0</run_address>
         <size>0xc</size>
         <input_file_ref idref="fl-a5"/>
      </object_component>
      <object_component id="oc-18">
         <name>.debug_info</name>
         <load_address>0x0</load_address>
         <run_address>0x0</run_address>
         <size>0x62d</size>
         <input_file_ref idref="fl-2"/>
      </object_component>
      <object_component id="oc-1d">
         <name>.debug_info</name>
         <load_address>0x62d</load_address>
         <run_address>0x62d</run_address>
         <size>0x848</size>
         <input_file_ref idref="fl-3"/>
      </object_component>
      <object_component id="oc-23">
         <name>.debug_info</name>
         <load_address>0xe75</load_address>
         <run_address>0xe75</run_address>
         <size>0x1040</size>
         <input_file_ref idref="fl-4"/>
      </object_component>
      <object_component id="oc-27">
         <name>.debug_info</name>
         <load_address>0x1eb5</load_address>
         <run_address>0x1eb5</run_address>
         <size>0x148a</size>
         <input_file_ref idref="fl-5"/>
      </object_component>
      <object_component id="oc-2b">
         <name>.debug_info</name>
         <load_address>0x333f</load_address>
         <run_address>0x333f</run_address>
         <size>0xa55</size>
         <input_file_ref idref="fl-6"/>
      </object_component>
      <object_component id="oc-2f">
         <name>.debug_info</name>
         <load_address>0x3d94</load_address>
         <run_address>0x3d94</run_address>
         <size>0x6f2</size>
         <input_file_ref idref="fl-81"/>
      </object_component>
      <object_component id="oc-33">
         <name>.debug_info</name>
         <load_address>0x4486</load_address>
         <run_address>0x4486</run_address>
         <size>0x7bf</size>
         <input_file_ref idref="fl-82"/>
      </object_component>
      <object_component id="oc-38">
         <name>.debug_info</name>
         <load_address>0x4c45</load_address>
         <run_address>0x4c45</run_address>
         <size>0x8e9</size>
         <input_file_ref idref="fl-83"/>
      </object_component>
      <object_component id="oc-3b">
         <name>.debug_info</name>
         <load_address>0x552e</load_address>
         <run_address>0x552e</run_address>
         <size>0x633</size>
         <input_file_ref idref="fl-84"/>
      </object_component>
      <object_component id="oc-40">
         <name>.debug_info</name>
         <load_address>0x5b61</load_address>
         <run_address>0x5b61</run_address>
         <size>0x2674</size>
         <input_file_ref idref="fl-85"/>
      </object_component>
      <object_component id="oc-44">
         <name>.debug_info</name>
         <load_address>0x81d5</load_address>
         <run_address>0x81d5</run_address>
         <size>0x6c8</size>
         <input_file_ref idref="fl-86"/>
      </object_component>
      <object_component id="oc-47">
         <name>.debug_info</name>
         <load_address>0x889d</load_address>
         <run_address>0x889d</run_address>
         <size>0x6d5</size>
         <input_file_ref idref="fl-87"/>
      </object_component>
      <object_component id="oc-4a">
         <name>.debug_info</name>
         <load_address>0x8f72</load_address>
         <run_address>0x8f72</run_address>
         <size>0x83e</size>
         <input_file_ref idref="fl-88"/>
      </object_component>
      <object_component id="oc-4d">
         <name>.debug_info</name>
         <load_address>0x97b0</load_address>
         <run_address>0x97b0</run_address>
         <size>0x6b6</size>
         <input_file_ref idref="fl-89"/>
      </object_component>
      <object_component id="oc-50">
         <name>.debug_info</name>
         <load_address>0x9e66</load_address>
         <run_address>0x9e66</run_address>
         <size>0x7ac</size>
         <input_file_ref idref="fl-8a"/>
      </object_component>
      <object_component id="oc-53">
         <name>.debug_info</name>
         <load_address>0xa612</load_address>
         <run_address>0xa612</run_address>
         <size>0x5e1</size>
         <input_file_ref idref="fl-8b"/>
      </object_component>
      <object_component id="oc-55">
         <name>.debug_info</name>
         <load_address>0xabf3</load_address>
         <run_address>0xabf3</run_address>
         <size>0x6ce</size>
         <input_file_ref idref="fl-8c"/>
      </object_component>
      <object_component id="oc-59">
         <name>.debug_info</name>
         <load_address>0xb2c1</load_address>
         <run_address>0xb2c1</run_address>
         <size>0x96a</size>
         <input_file_ref idref="fl-8d"/>
      </object_component>
      <object_component id="oc-5c">
         <name>.debug_info</name>
         <load_address>0xbc2b</load_address>
         <run_address>0xbc2b</run_address>
         <size>0xbd</size>
         <input_file_ref idref="fl-8e"/>
      </object_component>
      <object_component id="oc-5f">
         <name>.debug_info</name>
         <load_address>0xbce8</load_address>
         <run_address>0xbce8</run_address>
         <size>0x67e</size>
         <input_file_ref idref="fl-8f"/>
      </object_component>
      <object_component id="oc-62">
         <name>.debug_info</name>
         <load_address>0xc366</load_address>
         <run_address>0xc366</run_address>
         <size>0x697</size>
         <input_file_ref idref="fl-90"/>
      </object_component>
      <object_component id="oc-65">
         <name>.debug_info</name>
         <load_address>0xc9fd</load_address>
         <run_address>0xc9fd</run_address>
         <size>0x811</size>
         <input_file_ref idref="fl-91"/>
      </object_component>
      <object_component id="oc-68">
         <name>.debug_info</name>
         <load_address>0xd20e</load_address>
         <run_address>0xd20e</run_address>
         <size>0xa9d</size>
         <input_file_ref idref="fl-92"/>
      </object_component>
      <object_component id="oc-6c">
         <name>.debug_info</name>
         <load_address>0xdcab</load_address>
         <run_address>0xdcab</run_address>
         <size>0x653</size>
         <input_file_ref idref="fl-93"/>
      </object_component>
      <object_component id="oc-6f">
         <name>.debug_info</name>
         <load_address>0xe2fe</load_address>
         <run_address>0xe2fe</run_address>
         <size>0x78a</size>
         <input_file_ref idref="fl-94"/>
      </object_component>
      <object_component id="oc-72">
         <name>.debug_info</name>
         <load_address>0xea88</load_address>
         <run_address>0xea88</run_address>
         <size>0x785</size>
         <input_file_ref idref="fl-95"/>
      </object_component>
      <object_component id="oc-75">
         <name>.debug_info</name>
         <load_address>0xf20d</load_address>
         <run_address>0xf20d</run_address>
         <size>0x7fd</size>
         <input_file_ref idref="fl-96"/>
      </object_component>
      <object_component id="oc-78">
         <name>.debug_info</name>
         <load_address>0xfa0a</load_address>
         <run_address>0xfa0a</run_address>
         <size>0x6e8</size>
         <input_file_ref idref="fl-97"/>
      </object_component>
      <object_component id="oc-7b">
         <name>.debug_info</name>
         <load_address>0x100f2</load_address>
         <run_address>0x100f2</run_address>
         <size>0xe70</size>
         <input_file_ref idref="fl-98"/>
      </object_component>
      <object_component id="oc-80">
         <name>.debug_info</name>
         <load_address>0x10f62</load_address>
         <run_address>0x10f62</run_address>
         <size>0x716</size>
         <input_file_ref idref="fl-99"/>
      </object_component>
      <object_component id="oc-83">
         <name>.debug_info</name>
         <load_address>0x11678</load_address>
         <run_address>0x11678</run_address>
         <size>0x6b9</size>
         <input_file_ref idref="fl-9a"/>
      </object_component>
      <object_component id="oc-86">
         <name>.debug_info</name>
         <load_address>0x11d31</load_address>
         <run_address>0x11d31</run_address>
         <size>0xcc</size>
         <input_file_ref idref="fl-9b"/>
      </object_component>
      <object_component id="oc-89">
         <name>.debug_info</name>
         <load_address>0x11dfd</load_address>
         <run_address>0x11dfd</run_address>
         <size>0x79d</size>
         <input_file_ref idref="fl-9c"/>
      </object_component>
      <object_component id="oc-8c">
         <name>.debug_info</name>
         <load_address>0x1259a</load_address>
         <run_address>0x1259a</run_address>
         <size>0x5ff</size>
         <input_file_ref idref="fl-9d"/>
      </object_component>
      <object_component id="oc-8f">
         <name>.debug_info</name>
         <load_address>0x12b99</load_address>
         <run_address>0x12b99</run_address>
         <size>0xdc3</size>
         <input_file_ref idref="fl-9e"/>
      </object_component>
      <object_component id="oc-93">
         <name>.debug_info</name>
         <load_address>0x1395c</load_address>
         <run_address>0x1395c</run_address>
         <size>0x850</size>
         <input_file_ref idref="fl-9f"/>
      </object_component>
      <object_component id="oc-97">
         <name>.debug_info</name>
         <load_address>0x141ac</load_address>
         <run_address>0x141ac</run_address>
         <size>0x741</size>
         <input_file_ref idref="fl-a0"/>
      </object_component>
      <object_component id="oc-9a">
         <name>.debug_info</name>
         <load_address>0x148ed</load_address>
         <run_address>0x148ed</run_address>
         <size>0x5b3</size>
         <input_file_ref idref="fl-a1"/>
      </object_component>
      <object_component id="oc-9d">
         <name>.debug_info</name>
         <load_address>0x14ea0</load_address>
         <run_address>0x14ea0</run_address>
         <size>0x768</size>
         <input_file_ref idref="fl-a2"/>
      </object_component>
      <object_component id="oc-a0">
         <name>.debug_info</name>
         <load_address>0x15608</load_address>
         <run_address>0x15608</run_address>
         <size>0x7a0</size>
         <input_file_ref idref="fl-a3"/>
      </object_component>
      <object_component id="oc-a3">
         <name>.debug_info</name>
         <load_address>0x15da8</load_address>
         <run_address>0x15da8</run_address>
         <size>0x7f3</size>
         <input_file_ref idref="fl-a4"/>
      </object_component>
      <object_component id="oc-a6">
         <name>.debug_info</name>
         <load_address>0x1659b</load_address>
         <run_address>0x1659b</run_address>
         <size>0x852</size>
         <input_file_ref idref="fl-a5"/>
      </object_component>
      <object_component id="oc-ab">
         <name>.debug_info</name>
         <load_address>0x16ded</load_address>
         <run_address>0x16ded</run_address>
         <size>0xabf</size>
         <input_file_ref idref="fl-a6"/>
      </object_component>
      <object_component id="oc-b1">
         <name>.debug_info</name>
         <load_address>0x178ac</load_address>
         <run_address>0x178ac</run_address>
         <size>0x7ed</size>
         <input_file_ref idref="fl-a7"/>
      </object_component>
      <object_component id="oc-b4">
         <name>.debug_info</name>
         <load_address>0x18099</load_address>
         <run_address>0x18099</run_address>
         <size>0x64b</size>
         <input_file_ref idref="fl-a8"/>
      </object_component>
      <object_component id="oc-129">
         <name>.debug_info</name>
         <load_address>0x186e4</load_address>
         <run_address>0x186e4</run_address>
         <size>0x6d</size>
      </object_component>
      <object_component id="oc-1a">
         <name>.debug_frame</name>
         <load_address>0x0</load_address>
         <run_address>0x0</run_address>
         <size>0x23f</size>
         <input_file_ref idref="fl-2"/>
      </object_component>
      <object_component id="oc-20">
         <name>.debug_frame</name>
         <load_address>0x23f</load_address>
         <run_address>0x23f</run_address>
         <size>0x278</size>
         <input_file_ref idref="fl-3"/>
      </object_component>
      <object_component id="oc-24">
         <name>.debug_frame</name>
         <load_address>0x4b7</load_address>
         <run_address>0x4b7</run_address>
         <size>0x329</size>
         <input_file_ref idref="fl-4"/>
      </object_component>
      <object_component id="oc-28">
         <name>.debug_frame</name>
         <load_address>0x7e0</load_address>
         <run_address>0x7e0</run_address>
         <size>0x352</size>
         <input_file_ref idref="fl-5"/>
      </object_component>
      <object_component id="oc-2c">
         <name>.debug_frame</name>
         <load_address>0xb32</load_address>
         <run_address>0xb32</run_address>
         <size>0x2e8</size>
         <input_file_ref idref="fl-6"/>
      </object_component>
      <object_component id="oc-1b">
         <name>.debug_line</name>
         <load_address>0x0</load_address>
         <run_address>0x0</run_address>
         <size>0x31</size>
         <input_file_ref idref="fl-2"/>
      </object_component>
      <object_component id="oc-21">
         <name>.debug_line</name>
         <load_address>0x31</load_address>
         <run_address>0x31</run_address>
         <size>0x6e</size>
         <input_file_ref idref="fl-3"/>
      </object_component>
      <object_component id="oc-25">
         <name>.debug_line</name>
         <load_address>0x9f</load_address>
         <run_address>0x9f</run_address>
         <size>0x1a4</size>
         <input_file_ref idref="fl-4"/>
      </object_component>
      <object_component id="oc-29">
         <name>.debug_line</name>
         <load_address>0x243</load_address>
         <run_address>0x243</run_address>
         <size>0x1ce</size>
         <input_file_ref idref="fl-5"/>
      </object_component>
      <object_component id="oc-2d">
         <name>.debug_line</name>
         <load_address>0x411</load_address>
         <run_address>0x411</run_address>
         <size>0x126</size>
         <input_file_ref idref="fl-6"/>
      </object_component>
      <object_component id="oc-31">
         <name>.debug_line</name>
         <load_address>0x537</load_address>
         <run_address>0x537</run_address>
         <size>0x3d</size>
         <input_file_ref idref="fl-81"/>
      </object_component>
      <object_component id="oc-36">
         <name>.debug_line</name>
         <load_address>0x574</load_address>
         <run_address>0x574</run_address>
         <size>0x4f</size>
         <input_file_ref idref="fl-82"/>
      </object_component>
      <object_component id="oc-39">
         <name>.debug_line</name>
         <load_address>0x5c3</load_address>
         <run_address>0x5c3</run_address>
         <size>0x6a</size>
         <input_file_ref idref="fl-83"/>
      </object_component>
      <object_component id="oc-3e">
         <name>.debug_line</name>
         <load_address>0x62d</load_address>
         <run_address>0x62d</run_address>
         <size>0x35</size>
         <input_file_ref idref="fl-84"/>
      </object_component>
      <object_component id="oc-42">
         <name>.debug_line</name>
         <load_address>0x662</load_address>
         <run_address>0x662</run_address>
         <size>0x31a</size>
         <input_file_ref idref="fl-85"/>
      </object_component>
      <object_component id="oc-45">
         <name>.debug_line</name>
         <load_address>0x97c</load_address>
         <run_address>0x97c</run_address>
         <size>0x3f</size>
         <input_file_ref idref="fl-86"/>
      </object_component>
      <object_component id="oc-48">
         <name>.debug_line</name>
         <load_address>0x9bb</load_address>
         <run_address>0x9bb</run_address>
         <size>0x45</size>
         <input_file_ref idref="fl-87"/>
      </object_component>
      <object_component id="oc-4b">
         <name>.debug_line</name>
         <load_address>0xa00</load_address>
         <run_address>0xa00</run_address>
         <size>0x49</size>
         <input_file_ref idref="fl-88"/>
      </object_component>
      <object_component id="oc-4e">
         <name>.debug_line</name>
         <load_address>0xa49</load_address>
         <run_address>0xa49</run_address>
         <size>0x45</size>
         <input_file_ref idref="fl-89"/>
      </object_component>
      <object_component id="oc-51">
         <name>.debug_line</name>
         <load_address>0xa8e</load_address>
         <run_address>0xa8e</run_address>
         <size>0x44</size>
         <input_file_ref idref="fl-8a"/>
      </object_component>
      <object_component id="oc-5a">
         <name>.debug_line</name>
         <load_address>0xad2</load_address>
         <run_address>0xad2</run_address>
         <size>0x3c</size>
         <input_file_ref idref="fl-8d"/>
      </object_component>
      <object_component id="oc-5d">
         <name>.debug_line</name>
         <load_address>0xb0e</load_address>
         <run_address>0xb0e</run_address>
         <size>0x44</size>
         <input_file_ref idref="fl-8e"/>
      </object_component>
      <object_component id="oc-60">
         <name>.debug_line</name>
         <load_address>0xb52</load_address>
         <run_address>0xb52</run_address>
         <size>0x3d</size>
         <input_file_ref idref="fl-8f"/>
      </object_component>
      <object_component id="oc-63">
         <name>.debug_line</name>
         <load_address>0xb8f</load_address>
         <run_address>0xb8f</run_address>
         <size>0x3d</size>
         <input_file_ref idref="fl-90"/>
      </object_component>
      <object_component id="oc-66">
         <name>.debug_line</name>
         <load_address>0xbcc</load_address>
         <run_address>0xbcc</run_address>
         <size>0x3f</size>
         <input_file_ref idref="fl-91"/>
      </object_component>
      <object_component id="oc-6a">
         <name>.debug_line</name>
         <load_address>0xc0b</load_address>
         <run_address>0xc0b</run_address>
         <size>0x93</size>
         <input_file_ref idref="fl-92"/>
      </object_component>
      <object_component id="oc-6d">
         <name>.debug_line</name>
         <load_address>0xc9e</load_address>
         <run_address>0xc9e</run_address>
         <size>0x3e</size>
         <input_file_ref idref="fl-93"/>
      </object_component>
      <object_component id="oc-70">
         <name>.debug_line</name>
         <load_address>0xcdc</load_address>
         <run_address>0xcdc</run_address>
         <size>0x73</size>
         <input_file_ref idref="fl-94"/>
      </object_component>
      <object_component id="oc-73">
         <name>.debug_line</name>
         <load_address>0xd4f</load_address>
         <run_address>0xd4f</run_address>
         <size>0x61</size>
         <input_file_ref idref="fl-95"/>
      </object_component>
      <object_component id="oc-76">
         <name>.debug_line</name>
         <load_address>0xdb0</load_address>
         <run_address>0xdb0</run_address>
         <size>0x38</size>
         <input_file_ref idref="fl-96"/>
      </object_component>
      <object_component id="oc-79">
         <name>.debug_line</name>
         <load_address>0xde8</load_address>
         <run_address>0xde8</run_address>
         <size>0x56</size>
         <input_file_ref idref="fl-97"/>
      </object_component>
      <object_component id="oc-7e">
         <name>.debug_line</name>
         <load_address>0xe3e</load_address>
         <run_address>0xe3e</run_address>
         <size>0xf5</size>
         <input_file_ref idref="fl-98"/>
      </object_component>
      <object_component id="oc-81">
         <name>.debug_line</name>
         <load_address>0xf33</load_address>
         <run_address>0xf33</run_address>
         <size>0x40</size>
         <input_file_ref idref="fl-99"/>
      </object_component>
      <object_component id="oc-84">
         <name>.debug_line</name>
         <load_address>0xf73</load_address>
         <run_address>0xf73</run_address>
         <size>0x3f</size>
         <input_file_ref idref="fl-9a"/>
      </object_component>
      <object_component id="oc-87">
         <name>.debug_line</name>
         <load_address>0xfb2</load_address>
         <run_address>0xfb2</run_address>
         <size>0x4a</size>
         <input_file_ref idref="fl-9b"/>
      </object_component>
      <object_component id="oc-8a">
         <name>.debug_line</name>
         <load_address>0xffc</load_address>
         <run_address>0xffc</run_address>
         <size>0x46</size>
         <input_file_ref idref="fl-9c"/>
      </object_component>
      <object_component id="oc-8d">
         <name>.debug_line</name>
         <load_address>0x1042</load_address>
         <run_address>0x1042</run_address>
         <size>0x39</size>
         <input_file_ref idref="fl-9d"/>
      </object_component>
      <object_component id="oc-91">
         <name>.debug_line</name>
         <load_address>0x107b</load_address>
         <run_address>0x107b</run_address>
         <size>0x126</size>
         <input_file_ref idref="fl-9e"/>
      </object_component>
      <object_component id="oc-95">
         <name>.debug_line</name>
         <load_address>0x11a1</load_address>
         <run_address>0x11a1</run_address>
         <size>0x66</size>
         <input_file_ref idref="fl-9f"/>
      </object_component>
      <object_component id="oc-98">
         <name>.debug_line</name>
         <load_address>0x1207</load_address>
         <run_address>0x1207</run_address>
         <size>0x40</size>
         <input_file_ref idref="fl-a0"/>
      </object_component>
      <object_component id="oc-9b">
         <name>.debug_line</name>
         <load_address>0x1247</load_address>
         <run_address>0x1247</run_address>
         <size>0x23</size>
         <input_file_ref idref="fl-a1"/>
      </object_component>
      <object_component id="oc-9e">
         <name>.debug_line</name>
         <load_address>0x126a</load_address>
         <run_address>0x126a</run_address>
         <size>0x3e</size>
         <input_file_ref idref="fl-a2"/>
      </object_component>
      <object_component id="oc-a1">
         <name>.debug_line</name>
         <load_address>0x12a8</load_address>
         <run_address>0x12a8</run_address>
         <size>0x3c</size>
         <input_file_ref idref="fl-a3"/>
      </object_component>
      <object_component id="oc-a4">
         <name>.debug_line</name>
         <load_address>0x12e4</load_address>
         <run_address>0x12e4</run_address>
         <size>0x3f</size>
         <input_file_ref idref="fl-a4"/>
      </object_component>
      <object_component id="oc-a9">
         <name>.debug_line</name>
         <load_address>0x1323</load_address>
         <run_address>0x1323</run_address>
         <size>0x42</size>
         <input_file_ref idref="fl-a5"/>
      </object_component>
      <object_component id="oc-af">
         <name>.debug_line</name>
         <load_address>0x1365</load_address>
         <run_address>0x1365</run_address>
         <size>0xa7</size>
         <input_file_ref idref="fl-a6"/>
      </object_component>
      <object_component id="oc-b2">
         <name>.debug_line</name>
         <load_address>0x140c</load_address>
         <run_address>0x140c</run_address>
         <size>0x3e</size>
         <input_file_ref idref="fl-a7"/>
      </object_component>
      <object_component id="oc-b5">
         <name>.debug_line</name>
         <load_address>0x144a</load_address>
         <run_address>0x144a</run_address>
         <size>0x39</size>
         <input_file_ref idref="fl-a8"/>
      </object_component>
      <object_component id="oc-1c">
         <name>.debug_abbrev</name>
         <load_address>0x0</load_address>
         <run_address>0x0</run_address>
         <size>0xdc</size>
         <input_file_ref idref="fl-2"/>
      </object_component>
      <object_component id="oc-22">
         <name>.debug_abbrev</name>
         <load_address>0xdc</load_address>
         <run_address>0xdc</run_address>
         <size>0x123</size>
         <input_file_ref idref="fl-3"/>
      </object_component>
      <object_component id="oc-26">
         <name>.debug_abbrev</name>
         <load_address>0x1ff</load_address>
         <run_address>0x1ff</run_address>
         <size>0xfa</size>
         <input_file_ref idref="fl-4"/>
      </object_component>
      <object_component id="oc-2a">
         <name>.debug_abbrev</name>
         <load_address>0x2f9</load_address>
         <run_address>0x2f9</run_address>
         <size>0x14e</size>
         <input_file_ref idref="fl-5"/>
      </object_component>
      <object_component id="oc-2e">
         <name>.debug_abbrev</name>
         <load_address>0x447</load_address>
         <run_address>0x447</run_address>
         <size>0xec</size>
         <input_file_ref idref="fl-6"/>
      </object_component>
      <object_component id="oc-32">
         <name>.debug_abbrev</name>
         <load_address>0x533</load_address>
         <run_address>0x533</run_address>
         <size>0xfe</size>
         <input_file_ref idref="fl-81"/>
      </object_component>
      <object_component id="oc-37">
         <name>.debug_abbrev</name>
         <load_address>0x631</load_address>
         <run_address>0x631</run_address>
         <size>0x119</size>
         <input_file_ref idref="fl-82"/>
      </object_component>
      <object_component id="oc-3a">
         <name>.debug_abbrev</name>
         <load_address>0x74a</load_address>
         <run_address>0x74a</run_address>
         <size>0x161</size>
         <input_file_ref idref="fl-83"/>
      </object_component>
      <object_component id="oc-3f">
         <name>.debug_abbrev</name>
         <load_address>0x8ab</load_address>
         <run_address>0x8ab</run_address>
         <size>0x9f</size>
         <input_file_ref idref="fl-84"/>
      </object_component>
      <object_component id="oc-43">
         <name>.debug_abbrev</name>
         <load_address>0x94a</load_address>
         <run_address>0x94a</run_address>
         <size>0x1d1</size>
         <input_file_ref idref="fl-85"/>
      </object_component>
      <object_component id="oc-46">
         <name>.debug_abbrev</name>
         <load_address>0xb1b</load_address>
         <run_address>0xb1b</run_address>
         <size>0xe1</size>
         <input_file_ref idref="fl-86"/>
      </object_component>
      <object_component id="oc-49">
         <name>.debug_abbrev</name>
         <load_address>0xbfc</load_address>
         <run_address>0xbfc</run_address>
         <size>0xcc</size>
         <input_file_ref idref="fl-87"/>
      </object_component>
      <object_component id="oc-4c">
         <name>.debug_abbrev</name>
         <load_address>0xcc8</load_address>
         <run_address>0xcc8</run_address>
         <size>0x13f</size>
         <input_file_ref idref="fl-88"/>
      </object_component>
      <object_component id="oc-4f">
         <name>.debug_abbrev</name>
         <load_address>0xe07</load_address>
         <run_address>0xe07</run_address>
         <size>0xdd</size>
         <input_file_ref idref="fl-89"/>
      </object_component>
      <object_component id="oc-52">
         <name>.debug_abbrev</name>
         <load_address>0xee4</load_address>
         <run_address>0xee4</run_address>
         <size>0x10c</size>
         <input_file_ref idref="fl-8a"/>
      </object_component>
      <object_component id="oc-54">
         <name>.debug_abbrev</name>
         <load_address>0xff0</load_address>
         <run_address>0xff0</run_address>
         <size>0x5f</size>
         <input_file_ref idref="fl-8b"/>
      </object_component>
      <object_component id="oc-58">
         <name>.debug_abbrev</name>
         <load_address>0x104f</load_address>
         <run_address>0x104f</run_address>
         <size>0x8e</size>
         <input_file_ref idref="fl-8c"/>
      </object_component>
      <object_component id="oc-5b">
         <name>.debug_abbrev</name>
         <load_address>0x10dd</load_address>
         <run_address>0x10dd</run_address>
         <size>0xf5</size>
         <input_file_ref idref="fl-8d"/>
      </object_component>
      <object_component id="oc-5e">
         <name>.debug_abbrev</name>
         <load_address>0x11d2</load_address>
         <run_address>0x11d2</run_address>
         <size>0x3a</size>
         <input_file_ref idref="fl-8e"/>
      </object_component>
      <object_component id="oc-61">
         <name>.debug_abbrev</name>
         <load_address>0x120c</load_address>
         <run_address>0x120c</run_address>
         <size>0xac</size>
         <input_file_ref idref="fl-8f"/>
      </object_component>
      <object_component id="oc-64">
         <name>.debug_abbrev</name>
         <load_address>0x12b8</load_address>
         <run_address>0x12b8</run_address>
         <size>0xc3</size>
         <input_file_ref idref="fl-90"/>
      </object_component>
      <object_component id="oc-67">
         <name>.debug_abbrev</name>
         <load_address>0x137b</load_address>
         <run_address>0x137b</run_address>
         <size>0x11f</size>
         <input_file_ref idref="fl-91"/>
      </object_component>
      <object_component id="oc-6b">
         <name>.debug_abbrev</name>
         <load_address>0x149a</load_address>
         <run_address>0x149a</run_address>
         <size>0x14b</size>
         <input_file_ref idref="fl-92"/>
      </object_component>
      <object_component id="oc-6e">
         <name>.debug_abbrev</name>
         <load_address>0x15e5</load_address>
         <run_address>0x15e5</run_address>
         <size>0x8c</size>
         <input_file_ref idref="fl-93"/>
      </object_component>
      <object_component id="oc-71">
         <name>.debug_abbrev</name>
         <load_address>0x1671</load_address>
         <run_address>0x1671</run_address>
         <size>0xc3</size>
         <input_file_ref idref="fl-94"/>
      </object_component>
      <object_component id="oc-74">
         <name>.debug_abbrev</name>
         <load_address>0x1734</load_address>
         <run_address>0x1734</run_address>
         <size>0xc3</size>
         <input_file_ref idref="fl-95"/>
      </object_component>
      <object_component id="oc-77">
         <name>.debug_abbrev</name>
         <load_address>0x17f7</load_address>
         <run_address>0x17f7</run_address>
         <size>0xd0</size>
         <input_file_ref idref="fl-96"/>
      </object_component>
      <object_component id="oc-7a">
         <name>.debug_abbrev</name>
         <load_address>0x18c7</load_address>
         <run_address>0x18c7</run_address>
         <size>0xa3</size>
         <input_file_ref idref="fl-97"/>
      </object_component>
      <object_component id="oc-7f">
         <name>.debug_abbrev</name>
         <load_address>0x196a</load_address>
         <run_address>0x196a</run_address>
         <size>0x215</size>
         <input_file_ref idref="fl-98"/>
      </object_component>
      <object_component id="oc-82">
         <name>.debug_abbrev</name>
         <load_address>0x1b7f</load_address>
         <run_address>0x1b7f</run_address>
         <size>0xe3</size>
         <input_file_ref idref="fl-99"/>
      </object_component>
      <object_component id="oc-85">
         <name>.debug_abbrev</name>
         <load_address>0x1c62</load_address>
         <run_address>0x1c62</run_address>
         <size>0xae</size>
         <input_file_ref idref="fl-9a"/>
      </object_component>
      <object_component id="oc-88">
         <name>.debug_abbrev</name>
         <load_address>0x1d10</load_address>
         <run_address>0x1d10</run_address>
         <size>0x3a</size>
         <input_file_ref idref="fl-9b"/>
      </object_component>
      <object_component id="oc-8b">
         <name>.debug_abbrev</name>
         <load_address>0x1d4a</load_address>
         <run_address>0x1d4a</run_address>
         <size>0xd0</size>
         <input_file_ref idref="fl-9c"/>
      </object_component>
      <object_component id="oc-8e">
         <name>.debug_abbrev</name>
         <load_address>0x1e1a</load_address>
         <run_address>0x1e1a</run_address>
         <size>0x71</size>
         <input_file_ref idref="fl-9d"/>
      </object_component>
      <object_component id="oc-92">
         <name>.debug_abbrev</name>
         <load_address>0x1e8b</load_address>
         <run_address>0x1e8b</run_address>
         <size>0x180</size>
         <input_file_ref idref="fl-9e"/>
      </object_component>
      <object_component id="oc-96">
         <name>.debug_abbrev</name>
         <load_address>0x200b</load_address>
         <run_address>0x200b</run_address>
         <size>0xd5</size>
         <input_file_ref idref="fl-9f"/>
      </object_component>
      <object_component id="oc-99">
         <name>.debug_abbrev</name>
         <load_address>0x20e0</load_address>
         <run_address>0x20e0</run_address>
         <size>0xd1</size>
         <input_file_ref idref="fl-a0"/>
      </object_component>
      <object_component id="oc-9c">
         <name>.debug_abbrev</name>
         <load_address>0x21b1</load_address>
         <run_address>0x21b1</run_address>
         <size>0x90</size>
         <input_file_ref idref="fl-a1"/>
      </object_component>
      <object_component id="oc-9f">
         <name>.debug_abbrev</name>
         <load_address>0x2241</load_address>
         <run_address>0x2241</run_address>
         <size>0x12d</size>
         <input_file_ref idref="fl-a2"/>
      </object_component>
      <object_component id="oc-a2">
         <name>.debug_abbrev</name>
         <load_address>0x236e</load_address>
         <run_address>0x236e</run_address>
         <size>0xf7</size>
         <input_file_ref idref="fl-a3"/>
      </object_component>
      <object_component id="oc-a5">
         <name>.debug_abbrev</name>
         <load_address>0x2465</load_address>
         <run_address>0x2465</run_address>
         <size>0x11a</size>
         <input_file_ref idref="fl-a4"/>
      </object_component>
      <object_component id="oc-aa">
         <name>.debug_abbrev</name>
         <load_address>0x257f</load_address>
         <run_address>0x257f</run_address>
         <size>0x1cd</size>
         <input_file_ref idref="fl-a5"/>
      </object_component>
      <object_component id="oc-b0">
         <name>.debug_abbrev</name>
         <load_address>0x274c</load_address>
         <run_address>0x274c</run_address>
         <size>0x1f8</size>
         <input_file_ref idref="fl-a6"/>
      </object_component>
      <object_component id="oc-b3">
         <name>.debug_abbrev</name>
         <load_address>0x2944</load_address>
         <run_address>0x2944</run_address>
         <size>0x130</size>
         <input_file_ref idref="fl-a7"/>
      </object_component>
      <object_component id="oc-b6">
         <name>.debug_abbrev</name>
         <load_address>0x2a74</load_address>
         <run_address>0x2a74</run_address>
         <size>0xab</size>
         <input_file_ref idref="fl-a8"/>
      </object_component>
      <object_component id="oc-12a">
         <name>.debug_abbrev</name>
         <load_address>0x2b1f</load_address>
         <run_address>0x2b1f</run_address>
         <size>0xd</size>
      </object_component>
   </object_component_list>
   <logical_group_list>
      <logical_group id="lg-2">
         <name>.text</name>
         <load_address>0x11800000</load_address>
         <run_address>0x11800000</run_address>
         <size>0x6b80</size>
         <contents>
            <object_component_ref idref="oc-cc"/>
            <object_component_ref idref="oc-ca"/>
            <object_component_ref idref="oc-f3"/>
            <object_component_ref idref="oc-e7"/>
            <object_component_ref idref="oc-cf"/>
            <object_component_ref idref="oc-d4"/>
            <object_component_ref idref="oc-d1"/>
            <object_component_ref idref="oc-dc"/>
            <object_component_ref idref="oc-d3"/>
            <object_component_ref idref="oc-ee"/>
            <object_component_ref idref="oc-f1"/>
            <object_component_ref idref="oc-eb"/>
            <object_component_ref idref="oc-ff"/>
            <object_component_ref idref="oc-e6"/>
            <object_component_ref idref="oc-dd"/>
            <object_component_ref idref="oc-c9"/>
            <object_component_ref idref="oc-d5"/>
            <object_component_ref idref="oc-d6"/>
            <object_component_ref idref="oc-e4"/>
            <object_component_ref idref="oc-e0"/>
            <object_component_ref idref="oc-f0"/>
            <object_component_ref idref="oc-fe"/>
            <object_component_ref idref="oc-c1"/>
            <object_component_ref idref="oc-ec"/>
            <object_component_ref idref="oc-d2"/>
            <object_component_ref idref="oc-107"/>
            <object_component_ref idref="oc-f7"/>
            <object_component_ref idref="oc-e9"/>
            <object_component_ref idref="oc-df"/>
            <object_component_ref idref="oc-bf"/>
            <object_component_ref idref="oc-d7"/>
            <object_component_ref idref="oc-bb"/>
            <object_component_ref idref="oc-db"/>
            <object_component_ref idref="oc-100"/>
            <object_component_ref idref="oc-da"/>
            <object_component_ref idref="oc-cb"/>
            <object_component_ref idref="oc-bd"/>
            <object_component_ref idref="oc-c0"/>
            <object_component_ref idref="oc-be"/>
            <object_component_ref idref="oc-b7"/>
            <object_component_ref idref="oc-f4"/>
            <object_component_ref idref="oc-fd"/>
            <object_component_ref idref="oc-d8"/>
            <object_component_ref idref="oc-b9"/>
            <object_component_ref idref="oc-f9"/>
            <object_component_ref idref="oc-bc"/>
            <object_component_ref idref="oc-ed"/>
            <object_component_ref idref="oc-103"/>
            <object_component_ref idref="oc-ef"/>
            <object_component_ref idref="oc-f2"/>
            <object_component_ref idref="oc-f8"/>
            <object_component_ref idref="oc-e5"/>
            <object_component_ref idref="oc-c2"/>
            <object_component_ref idref="oc-108"/>
            <object_component_ref idref="oc-ea"/>
            <object_component_ref idref="oc-c3"/>
            <object_component_ref idref="oc-f6"/>
            <object_component_ref idref="oc-f5"/>
            <object_component_ref idref="oc-d9"/>
            <object_component_ref idref="oc-fa"/>
            <object_component_ref idref="oc-104"/>
            <object_component_ref idref="oc-17"/>
            <object_component_ref idref="oc-c8"/>
            <object_component_ref idref="oc-106"/>
            <object_component_ref idref="oc-c5"/>
            <object_component_ref idref="oc-c4"/>
            <object_component_ref idref="oc-105"/>
            <object_component_ref idref="oc-de"/>
            <object_component_ref idref="oc-c7"/>
            <object_component_ref idref="oc-e3"/>
            <object_component_ref idref="oc-e2"/>
            <object_component_ref idref="oc-b8"/>
            <object_component_ref idref="oc-fc"/>
            <object_component_ref idref="oc-fb"/>
            <object_component_ref idref="oc-102"/>
            <object_component_ref idref="oc-e8"/>
            <object_component_ref idref="oc-ba"/>
            <object_component_ref idref="oc-d0"/>
            <object_component_ref idref="oc-ce"/>
            <object_component_ref idref="oc-c6"/>
            <object_component_ref idref="oc-101"/>
         </contents>
      </logical_group>
      <logical_group id="lg-3">
         <name>.stack</name>
         <run_address>0x118091d8</run_address>
         <size>0x800</size>
         <contents>
            <object_component_ref idref="oc-30"/>
            <object_component_ref idref="oc-127"/>
         </contents>
      </logical_group>
      <logical_group id="lg-4">
         <name>.bss</name>
         <run_address>0x11800000</run_address>
         <size>0x0</size>
         <contents>
         </contents>
      </logical_group>
      <logical_group id="lg-5">
         <name>.cio</name>
         <run_address>0x1180a5d4</run_address>
         <size>0x120</size>
         <contents>
            <object_component_ref idref="oc-94"/>
         </contents>
      </logical_group>
      <logical_group id="lg-6">
         <name>.const</name>
         <load_address>0x1180a1d8</load_address>
         <run_address>0x1180a1d8</run_address>
         <size>0x2a8</size>
         <contents>
            <object_component_ref idref="oc-19"/>
            <object_component_ref idref="oc-69"/>
            <object_component_ref idref="oc-e1"/>
            <object_component_ref idref="oc-41"/>
            <object_component_ref idref="oc-1f"/>
         </contents>
      </logical_group>
      <logical_group id="lg-7">
         <name>.data</name>
         <run_address>0x11800000</run_address>
         <size>0x0</size>
         <contents>
         </contents>
      </logical_group>
      <logical_group id="lg-8">
         <name>.switch</name>
         <load_address>0x1180a6f4</load_address>
         <run_address>0x1180a6f4</run_address>
         <size>0x10</size>
         <contents>
            <object_component_ref idref="oc-cd"/>
         </contents>
      </logical_group>
      <logical_group id="lg-9">
         <name>.sysmem</name>
         <run_address>0x118099d8</run_address>
         <size>0x800</size>
         <contents>
            <object_component_ref idref="oc-ae"/>
            <object_component_ref idref="oc-128"/>
         </contents>
      </logical_group>
      <logical_group id="lg-a">
         <name>.far</name>
         <run_address>0x11806b80</run_address>
         <size>0x2658</size>
         <contents>
            <object_component_ref idref="oc-1e"/>
            <object_component_ref idref="oc-35"/>
            <object_component_ref idref="oc-3d"/>
            <object_component_ref idref="oc-57"/>
            <object_component_ref idref="oc-7d"/>
            <object_component_ref idref="oc-90"/>
            <object_component_ref idref="oc-a8"/>
            <object_component_ref idref="oc-ad"/>
         </contents>
      </logical_group>
      <logical_group id="lg-b">
         <name>.args</name>
         <run_address>0x0</run_address>
         <size>0x0</size>
         <contents>
         </contents>
      </logical_group>
      <logical_group id="lg-c">
         <name>.ppinfo</name>
         <run_address>0x0</run_address>
         <size>0x0</size>
         <contents>
[...]
         <attributes>RWIX</attributes>
         <usage_details>
         </usage_details>
      </memory_area>
      <memory_area>
         <name>EMIFACS3</name>
         <page_id>0x0</page_id>
         <origin>0x62000000</origin>
         <length>0x2000000</length>
         <used_space>0x0</used_space>
         <unused_space>0x2000000</unused_space>
         <attributes>RWIX</attributes>
         <usage_details>
         </usage_details>
      </memory_area>
      <memory_area>
         <name>EMIFACS4</name>
         <page_id>0x0</page_id>
         <origin>0x64000000</origin>
         <length>0x2000000</length>
         <used_space>0x0</used_space>
         <unused_space>0x2000000</unused_space>
         <attributes>RWIX</attributes>
         <usage_details>
         </usage_details>
      </memory_area>
      <memory_area>
         <name>EMIFACS5</name>
         <page_id>0x0</page_id>
         <origin>0x66000000</origin>
         <length>0x2000000</length>
         <used_space>0x0</used_space>
         <unused_space>0x2000000</unused_space>
         <attributes>RWIX</attributes>
         <usage_details>
         </usage_details>
      </memory_area>
      <memory_area>
         <name>EMIFBSDRAM</name>
         <page_id>0x0</page_id>
         <origin>0xc0000000</origin>
         <length>0x10000000</length>
         <used_space>0x0</used_space>
         <unused_space>0x10000000</unused_space>
         <attributes>RWIX</attributes>
         <usage_details>
         </usage_details>
      </memory_area>
   </placement_map>
   <symbol_table>
      <symbol id="sm-0">
         <name>cinit</name>
         <value>0x1180a480</value>
      </symbol>
      <symbol id="sm-1">
         <name>___cinit__</name>
         <value>0x1180a480</value>
      </symbol>
      <symbol id="sm-2">
         <name>pinit</name>
         <value>0xffffffff</value>
      </symbol>
      <symbol id="sm-3">
         <name>___pinit__</name>
         <value>0xffffffff</value>
      </symbol>
      <symbol id="sm-4">
         <name>binit</name>
         <value>0xffffffff</value>
      </symbol>
      <symbol id="sm-5">
         <name>___binit__</name>
         <value>0xffffffff</value>
      </symbol>
      <symbol id="sm-6">
         <name>__STACK_SIZE</name>
         <value>0x800</value>
      </symbol>
      <symbol id="sm-7">
         <name>__STACK_END</name>
         <value>0x118099d8</value>
      </symbol>
      <symbol id="sm-8">
         <name>__SYSMEM_SIZE</name>
         <value>0x800</value>
      </symbol>
      <symbol id="sm-9">
         <name>___c_args__</name>
         <value>0xffffffff</value>
      </symbol>
      <symbol id="sm-a">
         <name>.text</name>
         <value>0x11800000</value>
      </symbol>
      <symbol id="sm-b">
         <name>___text__</name>
         <value>0x11800000</value>
      </symbol>
      <symbol id="sm-c">
         <name>etext</name>
         <value>0x11806b80</value>
      </symbol>
      <symbol id="sm-d">
         <name>___etext__</name>
         <value>0x11806b80</value>
      </symbol>
      <symbol id="sm-e">
         <name>.data</name>
         <value>0x11800000</value>
      </symbol>
      <symbol id="sm-f">
         <name>___data__</name>
         <value>0x11800000</value>
      </symbol>
      <symbol id="sm-10">
         <name>edata</name>
         <value>0x11800000</value>
      </symbol>
      <symbol id="sm-11">
         <name>___edata__</name>
         <value>0x11800000</value>
      </symbol>
      <symbol id="sm-12">
         <name>.bss</name>
         <value>0x11800000</value>
      </symbol>
      <symbol id="sm-13">
         <name>___bss__</name>
         <value>0x11800000</value>
      </symbol>
      <symbol id="sm-14">
         <name>end</name>
         <value>0x11800000</value>
      </symbol>
      <symbol id="sm-15">
         <name>___end__</name>
         <value>0x11800000</value>
      </symbol>
      <symbol id="sm-16">
         <name>___TI_pprof_out_hndl</name>
         <value>0xffffffff</value>
      </symbol>
      <symbol id="sm-17">
         <name>___TI_prof_data_start</name>
         <value>0xffffffff</value>
      </symbol>
      <symbol id="sm-18">
         <name>___TI_prof_data_size</name>
         <value>0xffffffff</value>
      </symbol>
      <symbol id="sm-19">
         <name>$bss</name>
         <value>0x11800000</value>
      </symbol>
      <symbol id="sm-7a">
         <name>_main</name>
         <value>0x11806784</value>
         <object_component_ref idref="oc-c5"/>
      </symbol>
      <symbol id="sm-7b">
         <name>_read_data</name>
         <value>0x11806d60</value>
         <object_component_ref idref="oc-1e"/>
      </symbol>
      <symbol id="sm-7c">
         <name>_delay</name>
         <value>0x11806740</value>
         <object_component_ref idref="oc-c5"/>
      </symbol>
      <symbol id="sm-7d">
         <name>_src</name>
         <value>0x11807d68</value>
         <object_component_ref idref="oc-1e"/>
      </symbol>
      <symbol id="sm-7e">
         <name>_t</name>
         <value>0x11806b80</value>
         <object_component_ref idref="oc-1e"/>
      </symbol>
      <symbol id="sm-c7">
         <name>_PSC1_lPSC_enable</name>
         <value>0x118000b8</value>
         <object_component_ref idref="oc-cc"/>
      </symbol>
      <symbol id="sm-c8">
         <name>_c6745_pll_config</name>
         <value>0x11800290</value>
         <object_component_ref idref="oc-cc"/>
      </symbol>
      <symbol id="sm-c9">
         <name>_c6745_psc_config</name>
         <value>0x11800480</value>
         <object_component_ref idref="oc-cc"/>
      </symbol>
      <symbol id="sm-ca">
         <name>_c6745_sys_config</name>
         <value>0x118001d0</value>
         <object_component_ref idref="oc-cc"/>
      </symbol>
      <symbol id="sm-cb">
         <name>_sysinit</name>
         <value>0x11800664</value>
         <object_component_ref idref="oc-cc"/>
      </symbol>
      <symbol id="sm-cc">
         <name>_c6745_emifb_config</name>
         <value>0x11800610</value>
         <object_component_ref idref="oc-cc"/>
      </symbol>
      <symbol id="sm-cd">
         <name>_CEint</name>
         <value>0x11800180</value>
         <object_component_ref idref="oc-cc"/>
      </symbol>
      <symbol id="sm-ce">
         <name>_PSC0_lPSC_enable</name>
         <value>0x11800000</value>
         <object_component_ref idref="oc-cc"/>
      </symbol>
      <symbol id="sm-cf">
         <name>_c6745_cache_config</name>
         <value>0x118001b4</value>
         <object_component_ref idref="oc-cc"/>
      </symbol>
      <symbol id="sm-137">
         <name>_c6747_spi_read</name>
         <value>0x118008a0</value>
         <object_component_ref idref="oc-ca"/>
      </symbol>
      <symbol id="sm-138">
         <name>_c6747_spi_write</name>
         <value>0x11800934</value>
         <object_component_ref idref="oc-ca"/>
      </symbol>
      <symbol id="sm-139">
         <name>_c6747_spi_init</name>
         <value>0x11800680</value>
         <object_component_ref idref="oc-ca"/>
      </symbol>
      <symbol id="sm-13a">
         <name>_c6747_spi</name>
         <value>0x11800bd8</value>
         <object_component_ref idref="oc-ca"/>
      </symbol>
      <symbol id="sm-13b">
         <name>_spiflash_eraseSector</name>
         <value>0x11800b74</value>
         <object_component_ref idref="oc-ca"/>
      </symbol>
      <symbol id="sm-13c">
         <name>_spiflash_cycle</name>
         <value>0x11800718</value>
         <object_component_ref idref="oc-ca"/>
      </symbol>
      <symbol id="sm-13d">
         <name>_OperationCtr</name>
         <value>0x11800b34</value>
         <object_component_ref idref="oc-ca"/>
      </symbol>
      <symbol id="sm-13e">
         <name>_spiflash_status</name>
         <value>0x11800870</value>
         <object_component_ref idref="oc-ca"/>
      </symbol>
      <symbol id="sm-13f">
         <name>_c6747_spi_AAI</name>
         <value>0x118009f8</value>
         <object_component_ref idref="oc-ca"/>
      </symbol>
      <symbol id="sm-15e">
         <name>__setupEMIF</name>
         <value>0x11803a04</value>
         <object_component_ref idref="oc-c9"/>
      </symbol>
      <symbol id="sm-15f">
         <name>__wait</name>
         <value>0x1180388c</value>
         <object_component_ref idref="oc-c9"/>
      </symbol>
      <symbol id="sm-160">
         <name>_C6747_wait</name>
         <value>0x11803840</value>
         <object_component_ref idref="oc-c9"/>
      </symbol>
      <symbol id="sm-161">
         <name>__resetEMIF</name>
         <value>0x118038d8</value>
         <object_component_ref idref="oc-c9"/>
      </symbol>
      <symbol id="sm-162">
         <name>_C6747_init</name>
         <value>0x118038c0</value>
         <object_component_ref idref="oc-c9"/>
      </symbol>
      <symbol id="sm-163">
         <name>_C6747_waitusec</name>
         <value>0x11803870</value>
         <object_component_ref idref="oc-c9"/>
      </symbol>
      <symbol id="sm-172">
         <name>_c_int00</name>
         <value>0x118065c0</value>
         <object_component_ref idref="oc-17"/>
      </symbol>
      <symbol id="sm-173">
         <name>__stack</name>
         <value>0x118091d8</value>
         <object_component_ref idref="oc-30"/>
      </symbol>
      <symbol id="sm-18a">
         <name>C$$EXIT</name>
         <value>0x11806b40</value>
         <object_component_ref idref="oc-c6"/>
      </symbol>
      <symbol id="sm-18b">
         <name>_exit</name>
         <value>0x11805a80</value>
         <object_component_ref idref="oc-b9"/>
      </symbol>
      <symbol id="sm-18c">
         <name>___TI_enable_exit_profile_output</name>
         <value>0x118091bc</value>
         <object_component_ref idref="oc-35"/>
      </symbol>
      <symbol id="sm-18d">
         <name>_abort</name>
         <value>0x11806b40</value>
         <object_component_ref idref="oc-c6"/>
      </symbol>
      <symbol id="sm-18e">
         <name>__cleanup_ptr</name>
         <value>0x118091b4</value>
         <object_component_ref idref="oc-35"/>
      </symbol>
      <symbol id="sm-18f">
         <name>__dtors_ptr</name>
         <value>0x118091b8</value>
         <object_component_ref idref="oc-35"/>
      </symbol>
      <symbol id="sm-1a4">
         <name>_printf</name>
         <value>0x11805460</value>
         <object_component_ref idref="oc-cb"/>
      </symbol>
      <symbol id="sm-1b2">
         <name>__unlock</name>
         <value>0x118091c4</value>
         <object_component_ref idref="oc-3d"/>
      </symbol>
      <symbol id="sm-1b3">
         <name>__lock</name>
         <value>0x118091c0</value>
         <object_component_ref idref="oc-3d"/>
      </symbol>
      <symbol id="sm-1b4">
         <name>__nop</name>
         <value>0x11806ae0</value>
         <object_component_ref idref="oc-ba"/>
      </symbol>
      <symbol id="sm-2be">
         <name>__printfi</name>
         <value>0x11801780</value>
         <object_component_ref idref="oc-cf"/>
      </symbol>
      <symbol id="sm-2c8">
         <name>__args_main</name>
         <value>0x118069c0</value>
         <object_component_ref idref="oc-b8"/>
      </symbol>
      <symbol id="sm-2c9">
         <name>__TI_args_main</name>
         <value>0x1</value>
      </symbol>
      <symbol id="sm-2d7">
         <name>_atoi</name>
         <value>0x118051c0</value>
         <object_component_ref idref="oc-db"/>
      </symbol>
      <symbol id="sm-2e6">
         <name>__auto_init</name>
         <value>0x11805780</value>
         <object_component_ref idref="oc-b7"/>
      </symbol>
      <symbol id="sm-2f3">
         <name>___TI_cpp_init</name>
         <value>0x118067c0</value>
         <object_component_ref idref="oc-c4"/>
      </symbol>
      <symbol id="sm-301">
         <name>_copy_in</name>
         <value>0x11806060</value>
         <object_component_ref idref="oc-c2"/>
      </symbol>
      <symbol id="sm-309">
         <name>__ctypes_</name>
         <value>0x1180a340</value>
         <object_component_ref idref="oc-e1"/>
      </symbol>
      <symbol id="sm-313">
         <name>__tmpnams</name>
         <value>0x11808f50</value>
         <object_component_ref idref="oc-57"/>
      </symbol>
      <symbol id="sm-314">
         <name>__ft_end</name>
         <value>0x11809090</value>
         <object_component_ref idref="oc-57"/>
      </symbol>
      <symbol id="sm-315">
         <name>__ftable</name>
         <value>0x11808d70</value>
         <object_component_ref idref="oc-57"/>
      </symbol>
      <symbol id="sm-327">
         <name>__divd</name>
         <value>0x11800c60</value>
         <object_component_ref idref="oc-f3"/>
      </symbol>
      <symbol id="sm-330">
         <name>__c6xabi_divu</name>
         <value>0x11805900</value>
         <object_component_ref idref="oc-fd"/>
      </symbol>
      <symbol id="sm-331">
         <name>__divu</name>
         <value>0x11805900</value>
         <object_component_ref idref="oc-fd"/>
      </symbol>
      <symbol id="sm-33e">
         <name>__fixdli</name>
         <value>0x11805f20</value>
         <object_component_ref idref="oc-f8"/>
      </symbol>
      <symbol id="sm-349">
         <name>__fltlid</name>
         <value>0x118064c0</value>
         <object_component_ref idref="oc-fa"/>
      </symbol>
      <symbol id="sm-364">
         <name>_putc</name>
         <value>0x11803c80</value>
         <object_component_ref idref="oc-d6"/>
      </symbol>
      <symbol id="sm-365">
         <name>_fputc</name>
         <value>0x11803c80</value>
         <object_component_ref idref="oc-d6"/>
      </symbol>
      <symbol id="sm-387">
         <name>_fputs</name>
         <value>0x11802000</value>
         <object_component_ref idref="oc-d1"/>
      </symbol>
      <symbol id="sm-391">
         <name>__frcmpyd_div</name>
         <value>0x11806a00</value>
         <object_component_ref idref="oc-fc"/>
      </symbol>
      <symbol id="sm-3a1">
         <name>__divul</name>
         <value>0x11804460</value>
         <object_component_ref idref="oc-fe"/>
      </symbol>
      <symbol id="sm-3a2">
         <name>__remli</name>
         <value>0x11806a80</value>
         <object_component_ref idref="oc-102"/>
      </symbol>
      <symbol id="sm-3a3">
         <name>__divli</name>
         <value>0x11805d40</value>
         <object_component_ref idref="oc-103"/>
      </symbol>
      <symbol id="sm-3b7">
         <name>__subcull</name>
         <value>0x11806820</value>
         <object_component_ref idref="oc-105"/>
      </symbol>
      <symbol id="sm-3b8">
         <name>__divull</name>
         <value>0x11803140</value>
         <object_component_ref idref="oc-ff"/>
      </symbol>
      <symbol id="sm-3c2">
         <name>___isinf</name>
         <value>0x11806940</value>
         <object_component_ref idref="oc-e3"/>
      </symbol>
      <symbol id="sm-3d0">
         <name>__llshl</name>
         <value>0x11806540</value>
         <object_component_ref idref="oc-104"/>
      </symbol>
      <symbol id="sm-3d1">
         <name>__llshru</name>
         <value>0x11806a40</value>
         <object_component_ref idref="oc-fb"/>
      </symbol>
      <symbol id="sm-40e">
         <name>_unlink</name>
         <value>0x118066c0</value>
         <object_component_ref idref="oc-106"/>
      </symbol>
      <symbol id="sm-40f">
         <name>_lseek</name>
         <value>0x118061a0</value>
         <object_component_ref idref="oc-ea"/>
      </symbol>
      <symbol id="sm-410">
         <name>_close</name>
         <value>0x118052a0</value>
         <object_component_ref idref="oc-100"/>
      </symbol>
      <symbol id="sm-411">
         <name>_write</name>
         <value>0x11806420</value>
         <object_component_ref idref="oc-d9"/>
      </symbol>
      <symbol id="sm-41e">
         <name>_ltoa</name>
         <value>0x11805b40</value>
         <object_component_ref idref="oc-f9"/>
      </symbol>
      <symbol id="sm-42b">
         <name>_memccpy</name>
         <value>0x11806880</value>
         <object_component_ref idref="oc-de"/>
      </symbol>
      <symbol id="sm-433">
         <name>_memcpy</name>
         <value>0x11806240</value>
         <object_component_ref idref="oc-c3"/>
      </symbol>
      <symbol id="sm-43e">
         <name>_memset</name>
         <value>0x11805380</value>
         <object_component_ref idref="oc-da"/>
      </symbol>
      <symbol id="sm-448">
         <name>__negll</name>
         <value>0x11806ac0</value>
         <object_component_ref idref="oc-e8"/>
      </symbol>
      <symbol id="sm-471">
         <name>_HOSTopen</name>
         <value>0x118050e0</value>
         <object_component_ref idref="oc-bb"/>
      </symbol>
      <symbol id="sm-472">
         <name>_HOSTread</name>
         <value>0x11805540</value>
         <object_component_ref idref="oc-bd"/>
      </symbol>
      <symbol id="sm-473">
         <name>_HOSTrename</name>
         <value>0x11804600</value>
         <object_component_ref idref="oc-c1"/>
      </symbol>
      <symbol id="sm-474">
         <name>_HOSTwrite</name>
         <value>0x118056c0</value>
         <object_component_ref idref="oc-be"/>
      </symbol>
      <symbol id="sm-475">
         <name>_HOSTlseek</name>
         <value>0x11804ee0</value>
         <object_component_ref idref="oc-bf"/>
      </symbol>
      <symbol id="sm-476">
         <name>_HOSTunlink</name>
         <value>0x11805600</value>
         <object_component_ref idref="oc-c0"/>
      </symbol>
      <symbol id="sm-477">
         <name>_HOSTclose</name>
         <value>0x11805c00</value>
         <object_component_ref idref="oc-bc"/>
      </symbol>
      <symbol id="sm-487">
         <name>C$$IO$$</name>
         <value>0x11806938</value>
         <object_component_ref idref="oc-c7"/>
      </symbol>
      <symbol id="sm-488">
         <name>__CIOBUF_</name>
         <value>0x1180a5d4</value>
         <object_component_ref idref="oc-94"/>
      </symbol>
      <symbol id="sm-489">
         <name>_readmsg</name>
         <value>0x11806640</value>
         <object_component_ref idref="oc-c8"/>
      </symbol>
      <symbol id="sm-48a">
         <name>_writemsg</name>
         <value>0x118068e0</value>
         <object_component_ref idref="oc-c7"/>
      </symbol>
      <symbol id="sm-499">
         <name>__wrt_ok</name>
         <value>0x11804fe0</value>
         <object_component_ref idref="oc-d7"/>
      </symbol>
      <symbol id="sm-4ad">
         <name>__doflush</name>
         <value>0x118059c0</value>
         <object_component_ref idref="oc-d8"/>
      </symbol>
      <symbol id="sm-4be">
         <name>_fseek</name>
         <value>0x11804dc0</value>
         <object_component_ref idref="oc-df"/>
      </symbol>
      <symbol id="sm-4d4">
         <name>_setvbuf</name>
         <value>0x118040a0</value>
         <object_component_ref idref="oc-e0"/>
      </symbol>
      <symbol id="sm-4e7">
         <name>__cleanup</name>
         <value>0x11805ca0</value>
         <object_component_ref idref="oc-ed"/>
      </symbol>
      <symbol id="sm-520">
         <name>__sys_memory</name>
         <value>0x118099d8</value>
         <object_component_ref idref="oc-ae"/>
      </symbol>
      <symbol id="sm-521">
         <name>_free</name>
         <value>0x11802ec0</value>
         <object_component_ref idref="oc-eb"/>
      </symbol>
      <symbol id="sm-522">
         <name>_malloc</name>
         <value>0x11804780</value>
         <object_component_ref idref="oc-ec"/>
      </symbol>
      <symbol id="sm-534">
         <name>__closefile</name>
         <value>0x11804b80</value>
         <object_component_ref idref="oc-f7"/>
      </symbol>
      <symbol id="sm-53e">
         <name>_remove</name>
         <value>0x11806b60</value>
         <object_component_ref idref="oc-101"/>
      </symbol>
   </symbol_table>
</link_info>
