******************************************************************************
               TMS320C6x Linker PC v7.4.2                      
******************************************************************************
>> Linked Sun Oct 18 12:51:55 2015

OUTPUT FILE NAME:   <C6747_SDRAM.out>
ENTRY POINT SYMBOL: "_c_int00"  address: 118065c0


MEMORY CONFIGURATION

         name            origin    length      used     unused   attr    fill
----------------------  --------  ---------  --------  --------  ----  --------
  DSPL2ROM              00700000   00100000  00000000  00100000  RWIX
  DSPL2RAM              00800000   00040000  00000000  00040000  RWIX
  DSPL1PRAM             00e00000   00008000  00000000  00008000  RWIX
  DSPL1DRAM             00f00000   00008000  00000000  00008000  RWIX
  SHDSPL2ROM            11700000   00100000  00000000  00100000  RWIX
  SHDSPL2RAM            11800000   00040000  0000a704  000358fc  RWIX
  SHDSPL1PRAM           11e00000   00008000  00000000  00008000  RWIX
  SHDSPL1DRAM           11f00000   00008000  00000000  00008000  RWIX
  EMIFACS2              60000000   02000000  00000000  02000000  RWIX
  EMIFACS3              62000000   02000000  00000000  02000000  RWIX
  EMIFACS4              64000000   02000000  00000000  02000000  RWIX
  EMIFACS5              66000000   02000000  00000000  02000000  RWIX
  EMIFBSDRAM            c0000000   10000000  00000000  10000000  RWIX


SECTION ALLOCATION MAP

 output                                  attributes/
section   page    origin      length       input sections
--------  ----  ----------  ----------   ----------------
.pinit     0    11800000    00000000     UNINITIALIZED

.text      0    11800000    00006b80     
                  11800000    00000680     init.obj (.text)
                  11800680    000005e0     flash.obj (.text)
                  11800c60    000005a0     rts6740.lib : divd.obj (.text:__divd)
                  11801200    00000580                 : _printfi.obj (.text:__getarg_diouxp)
                  11801780    00000440                 : _printfi.obj (.text:__printfi)
                  11801bc0    00000440                 : _printfi.obj (.text:__setfield)
                  11802000    000003a0                 : fputs.obj (.text:_fputs)
                  118023a0    00000320                 : _printfi.obj (.text:__pproc_fge)
                  118026c0    000002c0                 : _printfi.obj (.text:__pproc_fwp)
                  11802980    000002a0                 : _printfi.obj (.text:_ecvt)
                  11802c20    000002a0                 : _printfi.obj (.text:_fcvt)
                  11802ec0    00000280                 : memory.obj (.text:_free)
                  11803140    00000260                 : imath64.obj (.text:__divull)
                  118033a0    00000260                 : _printfi.obj (.text:__pconv_e)
                  11803600    00000240                 : _printfi.obj (.text:__pproc_diouxp)
                  11803840    00000220     C6747.obj (.text)
                  11803a60    00000220     rts6740.lib : _printfi.obj (.text:__pproc_str)
                  11803c80    00000220                 : fputc.obj (.text:_fputc)
                  11803ea0    00000200                 : _printfi.obj (.text:__pconv_g)
                  118040a0    00000200                 : setvbuf.obj (.text:_setvbuf)
                  118042a0    000001c0                 : _printfi.obj (.text:__mcpy)
                  11804460    000001a0                 : imath40.obj (.text:__divul)
                  11804600    00000180                 : trgdrv.obj (.text:_HOSTrename)
                  11804780    00000180                 : memory.obj (.text:_malloc)
                  11804900    00000140                 : _printfi.obj (.text:__pproc_fflags)
                  11804a40    00000140                 : lowlev.obj (.text:_getdevice)
                  11804b80    00000120                 : fclose.obj (.text:__closefile)
                  11804ca0    00000120                 : _printfi.obj (.text:__ltostr)
                  11804dc0    00000120                 : fseek.obj (.text:_fseek)
                  11804ee0    00000100                 : trgdrv.obj (.text:_HOSTlseek)
                  11804fe0    00000100                 : _io_perm.obj (.text:__wrt_ok)
                  118050e0    000000e0                 : trgdrv.obj (.text:_HOSTopen)
                  118051c0    000000e0                 : atoi.obj (.text:_atoi)
                  118052a0    000000e0                 : lowlev.obj (.text:_close)
                  11805380    000000e0                 : memset.obj (.text:_memset)
                  11805460    000000e0                 : printf.obj (.text:_printf)
                  11805540    000000c0                 : trgdrv.obj (.text:_HOSTread)
                  11805600    000000c0                 : trgdrv.obj (.text:_HOSTunlink)
                  118056c0    000000c0                 : trgdrv.obj (.text:_HOSTwrite)
                  11805780    000000c0                 : autoinit.obj (.text:__auto_init)
                  11805840    000000c0                 : _printfi.obj (.text:__div)
                  11805900    000000c0                 : divu.obj (.text:__divu)
                  118059c0    000000c0                 : fflush.obj (.text:__doflush)
                  11805a80    000000c0                 : exit.obj (.text:_exit)
                  11805b40    000000c0                 : ltoa.obj (.text:_ltoa)
                  11805c00    000000a0                 : trgdrv.obj (.text:_HOSTclose)
                  11805ca0    000000a0                 : fopen.obj (.text:__cleanup)
                  11805d40    000000a0                 : imath40.obj (.text:__divli)
                  11805de0    000000a0                 : _printfi.obj (.text:__ecpy)
                  11805e80    000000a0                 : _printfi.obj (.text:__fcpy)
                  11805f20    000000a0                 : fixdli.obj (.text:__fixdli)
                  11805fc0    000000a0                 : _printfi.obj (.text:__pconv_f)
                  11806060    000000a0                 : cpy_tbl.obj (.text:_copy_in)
                  11806100    000000a0                 : lowlev.obj (.text:_finddevice)
                  118061a0    000000a0                 : lowlev.obj (.text:_lseek)
                  11806240    000000a0                 : memcpy64.obj (.text:_memcpy)
                  118062e0    000000a0                 : memory.obj (.text:_minsert)
                  11806380    000000a0                 : memory.obj (.text:_mremove)
                  11806420    000000a0                 : lowlev.obj (.text:_write)
                  118064c0    00000080                 : fltlid.obj (.text:__fltlid)
                  11806540    00000080                 : llshift.obj (.text:__llshl)
                  118065c0    00000080                 : boot.obj (.text:_c_int00)
                  11806640    00000080                 : trgmsg.obj (.text:_readmsg)
                  118066c0    00000080                 : lowlev.obj (.text:_unlink)
                  11806740    00000080     main.obj (.text)
                  118067c0    00000060     rts6740.lib : cpp_init.obj (.text:___TI_cpp_init)
                  11806820    00000060                 : imath64.obj (.text:__subcull)
                  11806880    00000060                 : memccpy.obj (.text:_memccpy)
                  118068e0    00000060                 : trgmsg.obj (.text:_writemsg)
                  11806940    00000040                 : isinf.obj (.text:___isinf)
                  11806980    00000040                 : _printfi.obj (.text:___isnan)
                  118069c0    00000040                 : args_main.obj (.text:__args_main)
                  11806a00    00000040                 : frcmpyd_div.obj (.text:__frcmpyd_div)
                  11806a40    00000040                 : llshift.obj (.text:__llshru)
                  11806a80    00000040                 : imath40.obj (.text:__remli)
                  11806ac0    00000020                 : negll.obj (.text:__negll)
                  11806ae0    00000020                 : _lock.obj (.text:__nop)
                  11806b00    00000020                 : printf.obj (.text:__outc)
                  11806b20    00000020                 : printf.obj (.text:__outs)
                  11806b40    00000020                 : exit.obj (.text:_abort)
                  11806b60    00000020                 : remove.obj (.text:_remove)

.bss       0    11800000    00000000     UNINITIALIZED

.data      0    11800000    00000000     UNINITIALIZED

.far       0    11806b80    00002658     UNINITIALIZED
                  11806b80    000021ec     main.obj (.far)
                  11808d6c    00000004     rts6740.lib : fopen.obj (.far)
                  11808d70    00000324                 : defs.obj (.far)
                  11809094    00000004     --HOLE--
                  11809098    0000011c                 : lowlev.obj (.far)
                  118091b4    0000000c                 : exit.obj (.far)
                  118091c0    00000008                 : _lock.obj (.far)
                  118091c8    00000008                 : memory.obj (.far)
                  118091d0    00000008                 : trgdrv.obj (.far)

.stack     0    118091d8    00000800     UNINITIALIZED
                  118091d8    00000008     rts6740.lib : boot.obj (.stack)
                  118091e0    000007f8     --HOLE--

.sysmem    0    118099d8    00000800     UNINITIALIZED
                  118099d8    00000008     rts6740.lib : memory.obj (.sysmem)
                  118099e0    000007f8     --HOLE--

.const     0    1180a1d8    000002a8     
                  1180a1d8    00000164     sdram_test.obj (.const:.string)
                  1180a33c    00000002     rts6740.lib : fputs.obj (.const:.string)
                  1180a33e    00000002     --HOLE-- [fill = 0]
                  1180a340    00000101                 : ctype.obj (.const:.string:__ctypes_)
                  1180a441    00000023                 : _printfi.obj (.const:.string)
                  1180a464    0000001c     main.obj (.const:.string)

.cinit     0    1180a480    00000154     
                  1180a480    0000005c     rts6740.lib : defs.obj (.cinit)
                  1180a4dc    00000004     --HOLE-- [fill = 0]
                  1180a4e0    0000005c                 : lowlev.obj (.cinit)
                  1180a53c    00000004     --HOLE-- [fill = 0]
                  1180a540    0000002c                 : exit.obj (.cinit)
                  1180a56c    00000004     --HOLE-- [fill = 0]
                  1180a570    0000002c                 : memory.obj (.cinit)
                  1180a59c    00000004     --HOLE-- [fill = 0]
                  1180a5a0    0000001c                 : _lock.obj (.cinit)
                  1180a5bc    00000004     --HOLE-- [fill = 0]
                  1180a5c0    0000000c                 : fopen.obj (.cinit)
                  1180a5cc    00000004     --HOLE-- [fill = 0]
                  1180a5d0    00000004     (.pad.cinit) [fill = 0]

.cio       0    1180a5d4    00000120     UNINITIALIZED
                  1180a5d4    00000120     rts6740.lib : trgmsg.obj (.cio)

.switch    0    1180a6f4    00000010     
                  1180a6f4    00000010     C6747.obj (.switch:__resetEMIF)


GLOBAL SYMBOLS: SORTED ALPHABETICALLY BY Name 

address    name
--------   ----
11800000   $bss
11800000   .bss
11800000   .data
11800000   .text
11806b40   C$$EXIT
11806938   C$$IO$$
118038c0   _C6747_init
11803840   _C6747_wait
11803870   _C6747_waitusec
11800180   _CEint
11805c00   _HOSTclose
11804ee0   _HOSTlseek
118050e0   _HOSTopen
11805540   _HOSTread
11804600   _HOSTrename
11805600   _HOSTunlink
118056c0   _HOSTwrite
11800b34   _OperationCtr
11800000   _PSC0_lPSC_enable
118000b8   _PSC1_lPSC_enable
1180a5d4   __CIOBUF_
118099d8   __STACK_END
00000800   __STACK_SIZE
00000800   __SYSMEM_SIZE
00000001   __TI_args_main
118067c0   ___TI_cpp_init
118091bc   ___TI_enable_exit_profile_output
ffffffff   ___TI_pprof_out_hndl
ffffffff   ___TI_prof_data_size
ffffffff   ___TI_prof_data_start
ffffffff   ___binit__
11800000   ___bss__
ffffffff   ___c_args__
1180a480   ___cinit__
11800000   ___data__
11800000   ___edata__
11800000   ___end__
11806b80   ___etext__
11806940   ___isinf
ffffffff   ___pinit__
11800000   ___text__
118069c0   __args_main
11805780   __auto_init
11805900   __c6xabi_divu
11805ca0   __cleanup
118091b4   __cleanup_ptr
11804b80   __closefile
1180a340   __ctypes_
11800c60   __divd
11805d40   __divli
11805900   __divu
11804460   __divul
11803140   __divull
118059c0   __doflush
118091b8   __dtors_ptr
11805f20   __fixdli
118064c0   __fltlid
11806a00   __frcmpyd_div
11809090   __ft_end
11808d70   __ftable
11806540   __llshl
11806a40   __llshru
118091c0   __lock
11806ac0   __negll
11806ae0   __nop
11801780   __printfi
11806a80   __remli
118038d8   __resetEMIF
11803a04   __setupEMIF
118091d8   __stack
11806820   __subcull
118099d8   __sys_memory
11808f50   __tmpnams
118091c4   __unlock
1180388c   __wait
11804fe0   __wrt_ok
11806b40   _abort
118051c0   _atoi
118001b4   _c6745_cache_config
11800610   _c6745_emifb_config
11800290   _c6745_pll_config
11800480   _c6745_psc_config
118001d0   _c6745_sys_config
11800bd8   _c6747_spi
118009f8   _c6747_spi_AAI
11800680   _c6747_spi_init
118008a0   _c6747_spi_read
11800934   _c6747_spi_write
118065c0   _c_int00
118052a0   _close
11806060   _copy_in
11806740   _delay
11805a80   _exit
11803c80   _fputc
11802000   _fputs
11802ec0   _free
11804dc0   _fseek
118061a0   _lseek
11805b40   _ltoa
11806784   _main
11804780   _malloc
11806880   _memccpy
11806240   _memcpy
11805380   _memset
11805460   _printf
11803c80   _putc
11806d60   _read_data
11806640   _readmsg
11806b60   _remove
118040a0   _setvbuf
11800718   _spiflash_cycle
11800b74   _spiflash_eraseSector
11800870   _spiflash_status
11807d68   _src
11800664   _sysinit
11806b80   _t
118066c0   _unlink
11806420   _write
118068e0   _writemsg
ffffffff   binit
1180a480   cinit
11800000   edata
11800000   end
11806b80   etext
ffffffff   pinit


GLOBAL SYMBOLS: SORTED BY Symbol Address 

address    name
--------   ----
00000001   __TI_args_main
00000800   __STACK_SIZE
00000800   __SYSMEM_SIZE
11800000   $bss
11800000   .bss
11800000   .data
11800000   .text
11800000   _PSC0_lPSC_enable
11800000   ___bss__
11800000   ___data__
11800000   ___edata__
11800000   ___end__
11800000   ___text__
11800000   edata
11800000   end
118000b8   _PSC1_lPSC_enable
11800180   _CEint
118001b4   _c6745_cache_config
118001d0   _c6745_sys_config
11800290   _c6745_pll_config
11800480   _c6745_psc_config
11800610   _c6745_emifb_config
11800664   _sysinit
11800680   _c6747_spi_init
11800718   _spiflash_cycle
11800870   _spiflash_status
118008a0   _c6747_spi_read
11800934   _c6747_spi_write
118009f8   _c6747_spi_AAI
11800b34   _OperationCtr
11800b74   _spiflash_eraseSector
11800bd8   _c6747_spi
11800c60   __divd
11801780   __printfi
11802000   _fputs
11802ec0   _free
11803140   __divull
11803840   _C6747_wait
11803870   _C6747_waitusec
1180388c   __wait
118038c0   _C6747_init
118038d8   __resetEMIF
11803a04   __setupEMIF
11803c80   _fputc
11803c80   _putc
118040a0   _setvbuf
11804460   __divul
11804600   _HOSTrename
11804780   _malloc
11804b80   __closefile
11804dc0   _fseek
11804ee0   _HOSTlseek
11804fe0   __wrt_ok
118050e0   _HOSTopen
118051c0   _atoi
118052a0   _close
11805380   _memset
11805460   _printf
11805540   _HOSTread
11805600   _HOSTunlink
118056c0   _HOSTwrite
11805780   __auto_init
11805900   __c6xabi_divu
11805900   __divu
118059c0   __doflush
11805a80   _exit
11805b40   _ltoa
11805c00   _HOSTclose
11805ca0   __cleanup
11805d40   __divli
11805f20   __fixdli
11806060   _copy_in
118061a0   _lseek
11806240   _memcpy
11806420   _write
118064c0   __fltlid
11806540   __llshl
118065c0   _c_int00
11806640   _readmsg
118066c0   _unlink
11806740   _delay
11806784   _main
118067c0   ___TI_cpp_init
11806820   __subcull
11806880   _memccpy
118068e0   _writemsg
11806938   C$$IO$$
11806940   ___isinf
118069c0   __args_main
11806a00   __frcmpyd_div
11806a40   __llshru
11806a80   __remli
11806ac0   __negll
11806ae0   __nop
11806b40   C$$EXIT
11806b40   _abort
11806b60   _remove
11806b80   ___etext__
11806b80   _t
11806b80   etext
11806d60   _read_data
11807d68   _src
11808d70   __ftable
11808f50   __tmpnams
11809090   __ft_end
118091b4   __cleanup_ptr
118091b8   __dtors_ptr
118091bc   ___TI_enable_exit_profile_output
118091c0   __lock
118091c4   __unlock
118091d8   __stack
118099d8   __STACK_END
118099d8   __sys_memory
1180a340   __ctypes_
1180a480   ___cinit__
1180a480   cinit
1180a5d4   __CIOBUF_
ffffffff   ___TI_pprof_out_hndl
ffffffff   ___TI_prof_data_size
ffffffff   ___TI_prof_data_start
ffffffff   ___binit__
ffffffff   ___c_args__
ffffffff   ___pinit__
ffffffff   binit
ffffffff   pinit

[125 symbols]
