******************************************************************************
               TMS320C6x Linker PC v7.3.4                      
******************************************************************************
>> Linked Wed Apr 20 15:49:10 2016

OUTPUT FILE NAME:   <fft.out>
ENTRY POINT SYMBOL: "_c_int00"  address: 118099a0


MEMORY CONFIGURATION

         name            origin    length      used     unused   attr    fill
----------------------  --------  ---------  --------  --------  ----  --------
  DSPL2ROM              00700000   00100000  00000000  00100000  RWIX
  DSPL2RAM              00800000   00040000  00000000  00040000  RWIX
  DSPL1PRAM             00e00000   00008000  00000000  00008000  RWIX
  DSPL1DRAM             00f00000   00008000  00000000  00008000  RWIX
  SHDSPL2ROM            11700000   00100000  00000000  00100000  RWIX
  SHDSPL2RAM            11800000   00040000  0000c6ae  00033952  RWIX
  SHDSPL1PRAM           11e00000   00008000  00000000  00008000  RWIX
  SHDSPL1DRAM           11f00000   00008000  00000000  00008000  RWIX
  EMIFACS2              60000000   02000000  00000000  02000000  RWIX
  EMIFACS3              62000000   02000000  00000000  02000000  RWIX
  EMIFACS4              64000000   02000000  00000000  02000000  RWIX
  EMIFACS5              66000000   02000000  00000000  02000000  RWIX
  EMIFBSDRAM            c0000000   10000000  00000000  10000000  RWIX


SECTION ALLOCATION MAP

 output                                  attributes/
section   page    origin      length       input sections
--------  ----  ----------  ----------   ----------------
.pinit     0    11800000    00000000     UNINITIALIZED

.text      0    11800000    0000a280     
                  11800000    00000900     rts6740.lib : _scanfi.obj (.text:__scanfi)
                  11800900    00000640                 : _scanfi.obj (.text:__sset_arg)
                  11800f40    000005a0                 : divd.obj (.text:__divd)
                  118014e0    00000580                 : _printfi.obj (.text:__getarg_diouxp)
                  11801a60    00000520     main.obj (.text)
                  11801f80    000004c0     rts6740.lib : _scanfi.obj (.text:__sproc_int)
                  11802440    00000480                 : _printfi.obj (.text:__setfield)
                  118028c0    00000460                 : strtod.obj (.text:_strtod)
                  11802d20    00000460                 : strtol.obj (.text:_strtol)
                  11803180    00000460                 : strtold.obj (.text:_strtold)
                  118035e0    00000460                 : strtoll.obj (.text:_strtoll)
                  11803a40    00000440                 : _printfi.obj (.text:__printfi)
                  11803e80    00000420                 : strtoull.obj (.text:_strtoull)
                  118042a0    00000400                 : strtoul.obj (.text:_strtoul)
                  118046a0    00000340                 : _scanfi.obj (.text:__sget_conv)
                  118049e0    00000300                 : fputs.obj (.text:_fputs)
                  11804ce0    000002e0                 : _scanfi.obj (.text:__sproc_float)
                  11804fc0    000002e0                 : cos.obj (.text:_cos)
                  118052a0    000002c0                 : _printfi.obj (.text:__pproc_fge)
                  11805560    000002c0                 : _printfi.obj (.text:__pproc_fwp)
                  11805820    000002a0                 : _printfi.obj (.text:_ecvt)
                  11805ac0    000002a0                 : _printfi.obj (.text:_fcvt)
                  11805d60    00000280                 : memory.obj (.text:_free)
                  11805fe0    00000280                 : sin.obj (.text:_sin)
                  11806260    00000260                 : imath64.obj (.text:__divull)
                  118064c0    00000260                 : _printfi.obj (.text:__pconv_e)
                  11806720    00000240                 : _printfi.obj (.text:__pproc_diouxp)
                  11806960    00000220                 : _printfi.obj (.text:__pproc_str)
                  11806b80    00000200                 : _printfi.obj (.text:__pconv_g)
                  11806d80    000001c0                 : _printfi.obj (.text:__mcpy)
                  11806f40    000001a0                 : imath40.obj (.text:__divul)
                  118070e0    000001a0                 : _scanfi.obj (.text:__sproc_lb)
                  11807280    000001a0                 : _scanfi.obj (.text:__sproc_str)
                  11807420    00000180                 : trgdrv.obj (.text:_HOSTrename)
                  118075a0    00000180                 : memory.obj (.text:_malloc)
                  11807720    00000180                 : setvbuf.obj (.text:_setvbuf)
                  118078a0    00000140                 : sscanf.obj (.text:__chkmbc)
                  118079e0    00000140                 : _printfi.obj (.text:__pproc_fflags)
                  11807b20    00000140                 : fputc.obj (.text:_fputc)
                  11807c60    00000140                 : lowlev.obj (.text:_getdevice)
                  11807da0    00000120                 : _scanfi.obj (.text:__sget_scanset)
                  11807ec0    00000120                 : fclose.obj (.text:_fclose)
                  11807fe0    00000100                 : trgdrv.obj (.text:_HOSTlseek)
                  118080e0    00000100                 : autoinit.obj (.text:__auto_init)
                  118081e0    00000100                 : _printfi.obj (.text:__ltostr)
                  118082e0    00000100                 : _io_perm.obj (.text:__wrt_ok)
                  118083e0    000000e0                 : trgdrv.obj (.text:_HOSTopen)
                  118084c0    000000e0                 : atoi.obj (.text:_atoi)
                  118085a0    000000e0                 : lowlev.obj (.text:_close)
                  11808680    000000e0                 : exit.obj (.text:_exit)
                  11808760    000000e0                 : memset.obj (.text:_memset)
                  11808840    000000c0                 : trgdrv.obj (.text:_HOSTread)
                  11808900    000000c0                 : trgdrv.obj (.text:_HOSTunlink)
                  118089c0    000000c0                 : trgdrv.obj (.text:_HOSTwrite)
                  11808a80    000000c0                 : fopen.obj (.text:__cleanup)
                  11808b40    000000c0                 : _printfi.obj (.text:__div)
                  11808c00    000000c0                 : divu.obj (.text:__divu)
                  11808cc0    000000c0                 : fflush.obj (.text:__doflush)
                  11808d80    000000c0                 : fseek.obj (.text:_fseek)
                  11808e40    000000c0                 : lowlev.obj (.text:_lseek)
                  11808f00    000000c0                 : ltoa.obj (.text:_ltoa)
                  11808fc0    000000c0                 : lowlev.obj (.text:_write)
                  11809080    000000a0                 : trgdrv.obj (.text:_HOSTclose)
                  11809120    000000a0                 : imath40.obj (.text:__divli)
                  118091c0    000000a0                 : _printfi.obj (.text:__ecpy)
                  11809260    000000a0                 : _printfi.obj (.text:__fcpy)
                  11809300    000000a0                 : fixdli.obj (.text:__fixdli)
                  118093a0    000000a0                 : round.obj (.text:__nround)
                  11809440    000000a0                 : _printfi.obj (.text:__pconv_f)
                  118094e0    000000a0                 : cpy_tbl.obj (.text:_copy_in)
                  11809580    000000a0                 : lowlev.obj (.text:_finddevice)
                  11809620    000000a0                 : memcpy64.obj (.text:_memcpy)
                  118096c0    000000a0                 : memory.obj (.text:_minsert)
                  11809760    000000a0                 : modf.obj (.text:_modf)
                  11809800    000000a0                 : memory.obj (.text:_mremove)
                  118098a0    00000080                 : fltlid.obj (.text:__fltlid)
                  11809920    00000080                 : llshift.obj (.text:__llshl)
                  118099a0    00000080                 : boot.obj (.text:_c_int00)
                  11809a20    00000080                 : memory.obj (.text:_calloc)
                  11809aa0    00000080                 : fprintf.obj (.text:_fprintf)
                  11809b20    00000080                 : printf.obj (.text:_printf)
                  11809ba0    00000080                 : trgmsg.obj (.text:_readmsg)
                  11809c20    00000080                 : lowlev.obj (.text:_unlink)
                  11809ca0    00000060                 : imath64.obj (.text:__remull)
                  11809d00    00000060                 : imath64.obj (.text:__subcull)
                  11809d60    00000060                 : memccpy.obj (.text:_memccpy)
                  11809dc0    00000060                 : sprintf.obj (.text:_sprintf)
                  11809e20    00000060                 : sscanf.obj (.text:_sscanf)
                  11809e80    00000060                 : trgmsg.obj (.text:_writemsg)
                  11809ee0    00000040                 : isinf.obj (.text:___isinf)
                  11809f20    00000040                 : _printfi.obj (.text:___isnan)
                  11809f60    00000040                 : args_main.obj (.text:__args_main)
                  11809fa0    00000040                 : frcmpyd_div.obj (.text:__frcmpyd_div)
                  11809fe0    00000040                 : llshift.obj (.text:__llshru)
                  1180a020    00000040                 : sprintf.obj (.text:__outs)
                  1180a060    00000040                 : imath40.obj (.text:__remli)
                  1180a0a0    00000040                 : imath40.obj (.text:__remul)
                  1180a0e0    00000020                 : sscanf.obj (.text:__inpchar)
                  1180a100    00000020                 : negll.obj (.text:__negll)
                  1180a120    00000020                 : _lock.obj (.text:__nop)
                  1180a140    00000020                 : fprintf.obj (.text:__outc)
                  1180a160    00000020                 : printf.obj (.text:__outc)
                  1180a180    00000020                 : sprintf.obj (.text:__outc)
                  1180a1a0    00000020                 : fprintf.obj (.text:__outs)
                  1180a1c0    00000020                 : printf.obj (.text:__outs)
                  1180a1e0    00000020                 : trunc.obj (.text:__trunc)
                  1180a200    00000020                 : sscanf.obj (.text:__uninpchar)
                  1180a220    00000020                 : exit.obj (.text:_abort)
                  1180a240    00000020                 : isdigit.obj (.text:_isdigit)
                  1180a260    00000020                 : remove.obj (.text:_remove)

.bss       0    11800000    00000000     UNINITIALIZED

.data      0    11800000    00000000     UNINITIALIZED

.const     0    1180a280    00000b3e     
                  1180a280    000008cc     main.obj (.const:.string)
                  1180ab4c    00000002     rts6740.lib : fputs.obj (.const:.string)
                  1180ab4e    00000002     --HOLE-- [fill = 0]
                  1180ab50    00000101                 : ctype.obj (.const:__ctypes_)
                  1180ac51    00000007     --HOLE-- [fill = 0]
                  1180ac58    00000050                 : strtod.obj (.const:_digits)
                  1180aca8    00000050                 : strtold.obj (.const:_digits)
                  1180acf8    00000048                 : strtod.obj (.const:_powerof10)
                  1180ad40    00000048                 : strtold.obj (.const:_powerof10)
                  1180ad88    00000023                 : _printfi.obj (.const:.string)
                  1180adab    00000005     --HOLE-- [fill = 0]
                  1180adb0    00000007                 : _scanfi.obj (.const:_flit$1)
                  1180adb7    00000001     --HOLE-- [fill = 0]
                  1180adb8    00000006                 : _scanfi.obj (.const:_barr$2)

.stack     0    1180adc0    00000800     UNINITIALIZED
                  1180adc0    00000008     rts6740.lib : boot.obj (.stack)
                  1180adc8    000007f8     --HOLE--

.sysmem    0    1180b5c0    00000800     UNINITIALIZED
                  1180b5c0    00000008     rts6740.lib : memory.obj (.sysmem)
                  1180b5c8    000007f8     --HOLE--

.far       0    1180bdc0    000005b4     UNINITIALIZED
                  1180bdc0    00000324     rts6740.lib : defs.obj (.far)
                  1180c0e4    00000004                 : errno.obj (.far)
                  1180c0e8    0000011c                 : lowlev.obj (.far)
                  1180c204    00000004                 : fopen.obj (.far)
                  1180c208    000000d0                 : trgdrv.obj (.far)
                  1180c2d8    00000040                 : cos.obj (.far)
                  1180c318    00000040                 : sin.obj (.far)
                  1180c358    0000000c                 : exit.obj (.far)
                  1180c364    00000008                 : _lock.obj (.far)
                  1180c36c    00000008                 : memory.obj (.far)

.cinit     0    1180c378    000001f4     
                  1180c378    0000005c     rts6740.lib : defs.obj (.cinit)
                  1180c3d4    00000004     --HOLE-- [fill = 0]
                  1180c3d8    0000005c                 : lowlev.obj (.cinit)
                  1180c434    00000004     --HOLE-- [fill = 0]
                  1180c438    00000048                 : cos.obj (.cinit)
                  1180c480    00000048                 : sin.obj (.cinit)
                  1180c4c8    0000002c                 : exit.obj (.cinit)
                  1180c4f4    00000004     --HOLE-- [fill = 0]
                  1180c4f8    0000002c                 : memory.obj (.cinit)
                  1180c524    00000004     --HOLE-- [fill = 0]
                  1180c528    0000001c                 : _lock.obj (.cinit)
                  1180c544    00000004     --HOLE-- [fill = 0]
                  1180c548    0000000c                 : errno.obj (.cinit)
                  1180c554    00000004     --HOLE-- [fill = 0]
                  1180c558    0000000c                 : fopen.obj (.cinit)
                  1180c564    00000004     --HOLE-- [fill = 0]
                  1180c568    00000004     (.pad.cinit) [fill = 0]

.cio       0    1180c56c    00000120     UNINITIALIZED
                  1180c56c    00000120     rts6740.lib : trgmsg.obj (.cio)

.switch    0    1180c68c    00000028     
                  1180c68c    00000028     rts6740.lib : _scanfi.obj (.switch:__sset_arg)


GLOBAL SYMBOLS: SORTED ALPHABETICALLY BY Name 

address    name
--------   ----
11800000   $bss
11800000   .bss
11800000   .data
11800000   .text
1180a220   C$$EXIT
11809ed8   C$$IO$$
11809080   _HOSTclose
11807fe0   _HOSTlseek
118083e0   _HOSTopen
11808840   _HOSTread
11807420   _HOSTrename
11808900   _HOSTunlink
118089c0   _HOSTwrite
1180c56c   __CIOBUF_
1180b5c0   __STACK_END
00000800   __STACK_SIZE
00000800   __SYSMEM_SIZE
00000001   __TI_args_main
1180c360   ___TI_enable_exit_profile_output
ffffffff   ___TI_pprof_out_hndl
ffffffff   ___TI_prof_data_size
ffffffff   ___TI_prof_data_start
ffffffff   ___binit__
11800000   ___bss__
ffffffff   ___c_args__
1180c378   ___cinit__
11800000   ___data__
11800000   ___edata__
11800000   ___end__
1180a280   ___etext__
11809ee0   ___isinf
ffffffff   ___pinit__
11800000   ___text__
11809f60   __args_main
118080e0   __auto_init
11808c00   __c6xabi_divu
11808a80   __cleanup
1180c358   __cleanup_ptr
1180ab50   __ctypes_
11800f40   __divd
11809120   __divli
11808c00   __divu
11806f40   __divul
11806260   __divull
11808cc0   __doflush
1180c35c   __dtors_ptr
11809300   __fixdli
118098a0   __fltlid
11809fa0   __frcmpyd_div
1180c0e0   __ft_end
1180bdc0   __ftable
11809920   __llshl
11809fe0   __llshru
1180c364   __lock
1180a100   __negll
1180a120   __nop
118093a0   __nround
11803a40   __printfi
1180a060   __remli
1180a0a0   __remul
11809ca0   __remull
11800000   __scanfi
1180adc0   __stack
11809d00   __subcull
1180b5c0   __sys_memory
1180bfa0   __tmpnams
1180a1e0   __trunc
1180c368   __unlock
118082e0   __wrt_ok
1180a220   _abort
118084c0   _atoi
11801a60   _bit_rev
118099a0   _c_int00
11809a20   _calloc
118085a0   _close
118094e0   _copy_in
11804fc0   _cos
1180c0e4   _errno
11808680   _exit
11807ec0   _fclose
11809aa0   _fprintf
11807b20   _fputc
118049e0   _fputs
11805d60   _free
11808d80   _fseek
11801b84   _gen_twiddle
1180a240   _isdigit
11808e40   _lseek
11808f00   _ltoa
11801cd0   _main
118075a0   _malloc
11809d60   _memccpy
11809620   _memcpy
11808760   _memset
11809760   _modf
11809b20   _printf
11807b20   _putc
11809ba0   _readmsg
1180a260   _remove
11807720   _setvbuf
11805fe0   _sin
11809dc0   _sprintf
11809e20   _sscanf
118028c0   _strtod
11802d20   _strtol
11803180   _strtold
118035e0   _strtoll
118042a0   _strtoul
11803e80   _strtoull
11809c20   _unlink
11801c70   _usage
11808fc0   _write
11809e80   _writemsg
ffffffff   binit
1180c378   cinit
11800000   edata
11800000   end
1180a280   etext
ffffffff   pinit


GLOBAL SYMBOLS: SORTED BY Symbol Address 

address    name
--------   ----
00000001   __TI_args_main
00000800   __STACK_SIZE
00000800   __SYSMEM_SIZE
11800000   $bss
11800000   .bss
11800000   .data
11800000   .text
11800000   ___bss__
11800000   ___data__
11800000   ___edata__
11800000   ___end__
11800000   ___text__
11800000   __scanfi
11800000   edata
11800000   end
11800f40   __divd
11801a60   _bit_rev
11801b84   _gen_twiddle
11801c70   _usage
11801cd0   _main
118028c0   _strtod
11802d20   _strtol
11803180   _strtold
118035e0   _strtoll
11803a40   __printfi
11803e80   _strtoull
118042a0   _strtoul
118049e0   _fputs
11804fc0   _cos
11805d60   _free
11805fe0   _sin
11806260   __divull
11806f40   __divul
11807420   _HOSTrename
118075a0   _malloc
11807720   _setvbuf
11807b20   _fputc
11807b20   _putc
11807ec0   _fclose
11807fe0   _HOSTlseek
118080e0   __auto_init
118082e0   __wrt_ok
118083e0   _HOSTopen
118084c0   _atoi
118085a0   _close
11808680   _exit
11808760   _memset
11808840   _HOSTread
11808900   _HOSTunlink
118089c0   _HOSTwrite
11808a80   __cleanup
11808c00   __c6xabi_divu
11808c00   __divu
11808cc0   __doflush
11808d80   _fseek
11808e40   _lseek
11808f00   _ltoa
11808fc0   _write
11809080   _HOSTclose
11809120   __divli
11809300   __fixdli
118093a0   __nround
118094e0   _copy_in
11809620   _memcpy
11809760   _modf
118098a0   __fltlid
11809920   __llshl
118099a0   _c_int00
11809a20   _calloc
11809aa0   _fprintf
11809b20   _printf
11809ba0   _readmsg
11809c20   _unlink
11809ca0   __remull
11809d00   __subcull
11809d60   _memccpy
11809dc0   _sprintf
11809e20   _sscanf
11809e80   _writemsg
11809ed8   C$$IO$$
11809ee0   ___isinf
11809f60   __args_main
11809fa0   __frcmpyd_div
11809fe0   __llshru
1180a060   __remli
1180a0a0   __remul
1180a100   __negll
1180a120   __nop
1180a1e0   __trunc
1180a220   C$$EXIT
1180a220   _abort
1180a240   _isdigit
1180a260   _remove
1180a280   ___etext__
1180a280   etext
1180ab50   __ctypes_
1180adc0   __stack
1180b5c0   __STACK_END
1180b5c0   __sys_memory
1180bdc0   __ftable
1180bfa0   __tmpnams
1180c0e0   __ft_end
1180c0e4   _errno
1180c358   __cleanup_ptr
1180c35c   __dtors_ptr
1180c360   ___TI_enable_exit_profile_output
1180c364   __lock
1180c368   __unlock
1180c378   ___cinit__
1180c378   cinit
1180c56c   __CIOBUF_
ffffffff   ___TI_pprof_out_hndl
ffffffff   ___TI_prof_data_size
ffffffff   ___TI_prof_data_start
ffffffff   ___binit__
ffffffff   ___c_args__
ffffffff   ___pinit__
ffffffff   binit
ffffffff   pinit

[119 symbols]
