******************************************************************************
               TMS320C6x Linker PC v7.3.4                      
******************************************************************************
>> Linked Tue May 03 14:33:16 2016

OUTPUT FILE NAME:   <gpio.out>
ENTRY POINT SYMBOL: "_c_int00"  address: 80005920


MEMORY CONFIGURATION

         name            origin    length      used     unused   attr    fill
----------------------  --------  ---------  --------  --------  ----  --------
  DSPL2ROM              00700000   00100000  00000180  000ffe80  RWIX
  DSPL2RAM              00800000   00040000  00000000  00040000  RWIX
  DSPL1PRAM             00e00000   00008000  00000000  00008000  RWIX
  DSPL1DRAM             00f00000   00008000  00000000  00008000  RWIX
  SHDSPL2ROM            11700000   00100000  00000000  00100000  RWIX
  SHDSPL2RAM            11800000   00040000  00000000  00040000  RWIX
  SHDSPL1PRAM           11e00000   00008000  00000000  00008000  RWIX
  SHDSPL1DRAM           11f00000   00008000  00000000  00008000  RWIX
  EMIFASDRAM            40000000   08000000  00000000  08000000  RWIX
  EMIFACS2              60000000   02000000  00000000  02000000  RWIX
  EMIFACS3              62000000   02000000  00000000  02000000  RWIX
  EMIFACS4              64000000   02000000  00000000  02000000  RWIX
  EMIFACS5              66000000   02000000  00000000  02000000  RWIX
  SHRAM                 80000000   00020000  000078bb  00018745  RWIX
  EMIFBSDRAM            c0000000   10000000  00000000  10000000  RWIX


SECTION ALLOCATION MAP

 output                                  attributes/
section   page    origin      length       input sections
--------  ----  ----------  ----------   ----------------
.pinit     0    80000000    00000000     UNINITIALIZED

.vecs      0    00700000    00000180     
                  00700000    00000180     intvecs.obj (.vecs)

.text      0    80000000    00005ec0     
                  80000000    000005a0     rts6740.lib : divd.obj (.text:__divd)
                  800005a0    00000580                 : _printfi.obj (.text:__getarg_diouxp)
                  80000b20    000004a0     Gpio_example.obj (.text)
                  80000fc0    00000480     rts6740.lib : _printfi.obj (.text:__setfield)
                  80001440    00000440                 : _printfi.obj (.text:__printfi)
                  80001880    00000300                 : fputs.obj (.text:_fputs)
                  80001b80    000002c0                 : _printfi.obj (.text:__pproc_fge)
                  80001e40    000002c0                 : _printfi.obj (.text:__pproc_fwp)
                  80002100    000002a0                 : _printfi.obj (.text:_ecvt)
                  800023a0    000002a0                 : _printfi.obj (.text:_fcvt)
                  80002640    00000280                 : memory.obj (.text:_free)
                  800028c0    00000260                 : imath64.obj (.text:__divull)
                  80002b20    00000260                 : _printfi.obj (.text:__pconv_e)
                  80002d80    00000240                 : _printfi.obj (.text:__pproc_diouxp)
                  80002fc0    00000220                 : _printfi.obj (.text:__pproc_str)
                  800031e0    00000200                 : _printfi.obj (.text:__pconv_g)
                  800033e0    000001c0                 : _printfi.obj (.text:__mcpy)
                  800035a0    000001a0                 : imath40.obj (.text:__divul)
                  80003740    00000180                 : trgdrv.obj (.text:_HOSTrename)
                  800038c0    00000180                 : memory.obj (.text:_malloc)
                  80003a40    00000180                 : setvbuf.obj (.text:_setvbuf)
                  80003bc0    00000140                 : _printfi.obj (.text:__pproc_fflags)
                  80003d00    00000140                 : fputc.obj (.text:_fputc)
                  80003e40    00000140                 : lowlev.obj (.text:_getdevice)
                  80003f80    00000120                 : fclose.obj (.text:_fclose)
                  800040a0    00000100                 : trgdrv.obj (.text:_HOSTlseek)
                  800041a0    00000100                 : autoinit.obj (.text:__auto_init)
                  800042a0    00000100                 : _printfi.obj (.text:__ltostr)
                  800043a0    00000100                 : _io_perm.obj (.text:__wrt_ok)
                  800044a0    000000e0                 : trgdrv.obj (.text:_HOSTopen)
                  80004580    000000e0                 : atoi.obj (.text:_atoi)
                  80004660    000000e0                 : lowlev.obj (.text:_close)
                  80004740    000000e0                 : exit.obj (.text:_exit)
                  80004820    000000e0                 : memset.obj (.text:_memset)
                  80004900    000000c0                 : trgdrv.obj (.text:_HOSTread)
                  800049c0    000000c0                 : trgdrv.obj (.text:_HOSTunlink)
                  80004a80    000000c0                 : trgdrv.obj (.text:_HOSTwrite)
                  80004b40    000000c0                 : fopen.obj (.text:__cleanup)
                  80004c00    000000c0                 : _printfi.obj (.text:__div)
                  80004cc0    000000c0                 : divu.obj (.text:__divu)
                  80004d80    000000c0                 : fflush.obj (.text:__doflush)
                  80004e40    000000c0                 : fseek.obj (.text:_fseek)
                  80004f00    000000c0                 : lowlev.obj (.text:_lseek)
                  80004fc0    000000c0                 : ltoa.obj (.text:_ltoa)
                  80005080    000000c0                 : lowlev.obj (.text:_write)
                  80005140    000000a0                 : trgdrv.obj (.text:_HOSTclose)
                  800051e0    000000a0                 : imath40.obj (.text:__divli)
                  80005280    000000a0                 : _printfi.obj (.text:__ecpy)
                  80005320    000000a0                 : _printfi.obj (.text:__fcpy)
                  800053c0    000000a0                 : fixdli.obj (.text:__fixdli)
                  80005460    000000a0                 : _printfi.obj (.text:__pconv_f)
                  80005500    000000a0                 : cpy_tbl.obj (.text:_copy_in)
                  800055a0    000000a0                 : lowlev.obj (.text:_finddevice)
                  80005640    000000a0                 : memcpy64.obj (.text:_memcpy)
                  800056e0    000000a0                 : memory.obj (.text:_minsert)
                  80005780    000000a0                 : memory.obj (.text:_mremove)
                  80005820    00000080                 : fltlid.obj (.text:__fltlid)
                  800058a0    00000080                 : llshift.obj (.text:__llshl)
                  80005920    00000080                 : boot.obj (.text:_c_int00)
                  800059a0    00000080                 : printf.obj (.text:_printf)
                  80005a20    00000080                 : trgmsg.obj (.text:_readmsg)
                  80005aa0    00000080                 : lowlev.obj (.text:_unlink)
                  80005b20    00000060                 : imath64.obj (.text:__subcull)
                  80005b80    00000060                 : memccpy.obj (.text:_memccpy)
                  80005be0    00000060                 : trgmsg.obj (.text:_writemsg)
                  80005c40    00000040                 : isinf.obj (.text:___isinf)
                  80005c80    00000040                 : _printfi.obj (.text:___isnan)
                  80005cc0    00000040                 : args_main.obj (.text:__args_main)
                  80005d00    00000040                 : frcmpyd_div.obj (.text:__frcmpyd_div)
                  80005d40    00000040                 : llshift.obj (.text:__llshru)
                  80005d80    00000040                 : imath40.obj (.text:__remli)
                  80005dc0    00000020                 : negll.obj (.text:__negll)
                  80005de0    00000020                 : _lock.obj (.text:__nop)
                  80005e00    00000020                 : printf.obj (.text:__outc)
                  80005e20    00000020                 : printf.obj (.text:__outs)
                  80005e40    00000020                 : exit.obj (.text:_abort)
                  80005e60    00000020                 : remove.obj (.text:_remove)
                  80005e80    00000020     intvecs.obj (.text)
                  80005ea0    00000020     Gpio_example.obj (.text:retain)

.data      0    80000000    00000000     UNINITIALIZED

.stack     0    80005ec0    00000800     UNINITIALIZED
                  80005ec0    00000008     rts6740.lib : boot.obj (.stack)
                  80005ec8    000007f8     --HOLE--

.sysmem    0    800066c0    00000800     UNINITIALIZED
                  800066c0    00000008     rts6740.lib : memory.obj (.sysmem)
                  800066c8    000007f8     --HOLE--

.far       0    80006ec0    00000534     UNINITIALIZED
                  80006ec0    00000324     rts6740.lib : defs.obj (.far)
                  800071e4    00000004                 : fopen.obj (.far)
                  800071e8    0000011c                 : lowlev.obj (.far)
                  80007304    00000004     --HOLE--
                  80007308    000000d0                 : trgdrv.obj (.far)
                  800073d8    0000000c                 : exit.obj (.far)
                  800073e4    00000008                 : _lock.obj (.far)
                  800073ec    00000008                 : memory.obj (.far)

.const     0    800073f8    000001ef     
                  800073f8    00000101     rts6740.lib : ctype.obj (.const:__ctypes_)
                  800074f9    00000002                 : fputs.obj (.const:.string)
                  800074fb    00000001     --HOLE-- [fill = 0]
                  800074fc    000000c8     Gpio_example.obj (.const:.string)
                  800075c4    00000023     rts6740.lib : _printfi.obj (.const:.string)

.cinit     0    800075e8    000001a4     
                  800075e8    0000005c     rts6740.lib : defs.obj (.cinit)
                  80007644    00000004     --HOLE-- [fill = 0]
                  80007648    0000005c                 : lowlev.obj (.cinit)
                  800076a4    00000004     --HOLE-- [fill = 0]
                  800076a8    0000004c     Gpio_example.obj (.cinit)
                  800076f4    00000004     --HOLE-- [fill = 0]
                  800076f8    0000002c     rts6740.lib : exit.obj (.cinit)
                  80007724    00000004     --HOLE-- [fill = 0]
                  80007728    0000002c                 : memory.obj (.cinit)
                  80007754    00000004     --HOLE-- [fill = 0]
                  80007758    0000001c                 : _lock.obj (.cinit)
                  80007774    00000004     --HOLE-- [fill = 0]
                  80007778    0000000c                 : fopen.obj (.cinit)
                  80007784    00000004     --HOLE-- [fill = 0]
                  80007788    00000004     (.pad.cinit) [fill = 0]

.cio       0    8000778c    00000120     UNINITIALIZED
                  8000778c    00000120     rts6740.lib : trgmsg.obj (.cio)

.bss       0    800078ac    00000014     UNINITIALIZED
                  800078ac    00000014     Gpio_example.obj (.bss)


GLOBAL SYMBOLS: SORTED ALPHABETICALLY BY Name 

address    name
--------   ----
800078ac   $bss
800078ac   .bss
80000000   .data
80000000   .text
80005e40   C$$EXIT
80005c38   C$$IO$$
80005ea0   _GPIO_input_isr
80005140   _HOSTclose
800040a0   _HOSTlseek
800044a0   _HOSTopen
80004900   _HOSTread
80003740   _HOSTrename
800049c0   _HOSTunlink
80004a80   _HOSTwrite
8000778c   __CIOBUF_
800066c0   __STACK_END
00000800   __STACK_SIZE
00000800   __SYSMEM_SIZE
00000001   __TI_args_main
800073e0   ___TI_enable_exit_profile_output
ffffffff   ___TI_pprof_out_hndl
ffffffff   ___TI_prof_data_size
ffffffff   ___TI_prof_data_start
ffffffff   ___binit__
800078ac   ___bss__
ffffffff   ___c_args__
800075e8   ___cinit__
80000000   ___data__
80000000   ___edata__
800078c0   ___end__
80005ec0   ___etext__
80005c40   ___isinf
ffffffff   ___pinit__
80000000   ___text__
80005cc0   __args_main
800041a0   __auto_init
80004cc0   __c6xabi_divu
80004b40   __cleanup
800073d8   __cleanup_ptr
800073f8   __ctypes_
80000000   __divd
800051e0   __divli
80004cc0   __divu
800035a0   __divul
800028c0   __divull
80004d80   __doflush
800073dc   __dtors_ptr
800053c0   __fixdli
80005820   __fltlid
80005d00   __frcmpyd_div
800071e0   __ft_end
80006ec0   __ftable
800058a0   __llshl
80005d40   __llshru
800073e4   __lock
80005dc0   __negll
80005de0   __nop
80001440   __printfi
80005d80   __remli
80005ec0   __stack
80005b20   __subcull
800066c0   __sys_memory
800070a0   __tmpnams
800073e8   __unlock
800043a0   __wrt_ok
80005e40   _abort
80004580   _atoi
80005920   _c_int00
80004660   _close
80005500   _copy_in
80004740   _exit
80003f80   _fclose
80003d00   _fputc
80001880   _fputs
80002640   _free
80004e40   _fseek
80000b20   _gpioExample
800078b4   _gpioRegs
800078b8   _intcRegs
00700000   _intcVectorTable
80004f00   _lseek
80004fc0   _ltoa
80000f58   _main
800038c0   _malloc
80005b80   _memccpy
80005640   _memcpy
80004820   _memset
800059a0   _printf
800078b0   _psc1Regs
80003d00   _putc
80005a20   _readmsg
80005e60   _remove
80003a40   _setvbuf
800078bc   _status
800078ac   _sysRegs
80005aa0   _unlink
00700020   _vector1
00700140   _vector10
00700160   _vector11
00700040   _vector2
00700060   _vector3
007000a0   _vector5
007000c0   _vector6
007000e0   _vector7
00700100   _vector8
00700120   _vector9
80005080   _write
80005be0   _writemsg
ffffffff   binit
800075e8   cinit
80000000   edata
800078c0   end
80005ec0   etext
ffffffff   pinit


GLOBAL SYMBOLS: SORTED BY Symbol Address 

address    name
--------   ----
00000001   __TI_args_main
00000800   __STACK_SIZE
00000800   __SYSMEM_SIZE
00700000   _intcVectorTable
00700020   _vector1
00700040   _vector2
00700060   _vector3
007000a0   _vector5
007000c0   _vector6
007000e0   _vector7
00700100   _vector8
00700120   _vector9
00700140   _vector10
00700160   _vector11
80000000   .data
80000000   .text
80000000   ___data__
80000000   ___edata__
80000000   ___text__
80000000   __divd
80000000   edata
80000b20   _gpioExample
80000f58   _main
80001440   __printfi
80001880   _fputs
80002640   _free
800028c0   __divull
800035a0   __divul
80003740   _HOSTrename
800038c0   _malloc
80003a40   _setvbuf
80003d00   _fputc
80003d00   _putc
80003f80   _fclose
800040a0   _HOSTlseek
800041a0   __auto_init
800043a0   __wrt_ok
800044a0   _HOSTopen
80004580   _atoi
80004660   _close
80004740   _exit
80004820   _memset
80004900   _HOSTread
800049c0   _HOSTunlink
80004a80   _HOSTwrite
80004b40   __cleanup
80004cc0   __c6xabi_divu
80004cc0   __divu
80004d80   __doflush
80004e40   _fseek
80004f00   _lseek
80004fc0   _ltoa
80005080   _write
80005140   _HOSTclose
800051e0   __divli
800053c0   __fixdli
80005500   _copy_in
80005640   _memcpy
80005820   __fltlid
800058a0   __llshl
80005920   _c_int00
800059a0   _printf
80005a20   _readmsg
80005aa0   _unlink
80005b20   __subcull
80005b80   _memccpy
80005be0   _writemsg
80005c38   C$$IO$$
80005c40   ___isinf
80005cc0   __args_main
80005d00   __frcmpyd_div
80005d40   __llshru
80005d80   __remli
80005dc0   __negll
80005de0   __nop
80005e40   C$$EXIT
80005e40   _abort
80005e60   _remove
80005ea0   _GPIO_input_isr
80005ec0   ___etext__
80005ec0   __stack
80005ec0   etext
800066c0   __STACK_END
800066c0   __sys_memory
80006ec0   __ftable
800070a0   __tmpnams
800071e0   __ft_end
800073d8   __cleanup_ptr
800073dc   __dtors_ptr
800073e0   ___TI_enable_exit_profile_output
800073e4   __lock
800073e8   __unlock
800073f8   __ctypes_
800075e8   ___cinit__
800075e8   cinit
8000778c   __CIOBUF_
800078ac   $bss
800078ac   .bss
800078ac   ___bss__
800078ac   _sysRegs
800078b0   _psc1Regs
800078b4   _gpioRegs
800078b8   _intcRegs
800078bc   _status
800078c0   ___end__
800078c0   end
ffffffff   ___TI_pprof_out_hndl
ffffffff   ___TI_prof_data_size
ffffffff   ___TI_prof_data_start
ffffffff   ___binit__
ffffffff   ___c_args__
ffffffff   ___pinit__
ffffffff   binit
ffffffff   pinit

[114 symbols]
