******************************************************************************
               TMS320C6x Linker PC v7.3.4                      
******************************************************************************
>> Linked Fri Apr 15 09:42:02 2016

OUTPUT FILE NAME:   <c6713.out>
ENTRY POINT SYMBOL: "_c_int00"  address: 00009960


MEMORY CONFIGURATION

         name            origin    length      used     unused   attr    fill
----------------------  --------  ---------  --------  --------  ----  --------
  PMEM                  00000000   00010000  0000ace3  0000531d  RWIX
  BMEM                  00010000   00030000  0000067d  0002f983  RWIX


SECTION ALLOCATION MAP

 output                                  attributes/
section   page    origin      length       input sections
--------  ----  ----------  ----------   ----------------
.text      0    00000000    00009f40     
                  00000000    00000740     rts6200.lib : divd.obj (.text:__divd)
                  00000740    00000700                 : _printfi.obj (.text:__getarg_diouxp)
                  00000e40    00000600                 : _printfi.obj (.text:__setfield)
                  00001440    00000560                 : _printfi.obj (.text:__printfi)
                  000019a0    00000520                 : _printfi.obj (.text:_fcvt)
                  00001ec0    000004e0                 : _printfi.obj (.text:_ecvt)
                  000023a0    00000440                 : _printfi.obj (.text:__pconv_e)
                  000027e0    00000420                 : _printfi.obj (.text:__pproc_fge)
                  00002c00    000003e0                 : fputs.obj (.text:_fputs)
                  00002fe0    000003a0                 : imath64.obj (.text:__divull)
                  00003380    00000380                 : _printfi.obj (.text:__pproc_fwp)
                  00003700    00000380                 : memory.obj (.text:_free)
                  00003a80    00000320                 : frcaddd.obj (.text:__frcaddd)
                  00003da0    00000320                 : mpyd.obj (.text:__mpyd)
                  000040c0    00000300                 : addd.obj (.text:__addd)
                  000043c0    00000300                 : _printfi.obj (.text:__pproc_diouxp)
                  000046c0    000002e0                 : _printfi.obj (.text:__pproc_str)
                  000049a0    00000280     main.obj (.text)
                  00004c20    00000260     rts6200.lib : imath40.obj (.text:__divul)
                  00004e80    00000240                 : _printfi.obj (.text:__mcpy)
                  000050c0    00000240                 : memory.obj (.text:_malloc)
                  00005300    00000240                 : memcpy62.obj (.text:_memcpy)
                  00005540    00000220                 : trgdrv.obj (.text:_HOSTrename)
                  00005760    00000220     csl6713.lib : csl.obj (.text:__CSL_init)
                  00005980    00000200     rts6200.lib : _printfi.obj (.text:__pconv_g)
                  00005b80    00000200                 : setvbuf.obj (.text:_setvbuf)
                  00005d80    000001e0                 : lowlev.obj (.text:_getdevice)
                  00005f60    000000a0     csl6713.lib : csl_irq.obj (.text:__IRQ_init)
                  00006000    00000200     vecs_timer1.obj (.text:vecs)
                  00006200    000001c0     csl6713.lib : csl_irq.obj (.text:_IRQ_map)
                  000063c0    000001c0     rts6200.lib : _printfi.obj (.text:__ltostr)
                  00006580    000001c0     csl6713.lib : csl_irq.obj (.text:_mux2Tables)
                  00006740    000001a0     rts6200.lib : _printfi.obj (.text:__pproc_fflags)
                  000068e0    000001a0                 : fputc.obj (.text:_fputc)
                  00006a80    00000180                 : fclose.obj (.text:_fclose)
                  00006c00    00000160                 : trgdrv.obj (.text:_HOSTlseek)
                  00006d60    00000160                 : autoinit.obj (.text:__auto_init)
                  00006ec0    00000160                 : frcmpyd_div.obj (.text:__frcmpyd_div)
                  00007020    00000140                 : trgdrv.obj (.text:_HOSTread)
                  00007160    00000140     csl6713.lib : csl_timer.obj (.text:_TIMER_open)
                  000072a0    00000140     rts6200.lib : frcmpyd.obj (.text:__frcmpyd)
                  000073e0    00000140                 : atoi.obj (.text:_atoi)
                  00007520    00000140                 : lowlev.obj (.text:_lseek)
                  00007660    00000140                 : ltoa.obj (.text:_ltoa)
                  000077a0    00000140                 : lowlev.obj (.text:_write)
                  000078e0    00000120                 : trgdrv.obj (.text:_HOSTopen)
                  00007a00    00000120                 : trgdrv.obj (.text:_HOSTwrite)
                  00007b20    00000120     csl6713.lib : csl_timer.obj (.text:_TIMER_reset)
                  00007c40    00000120     rts6200.lib : fopen.obj (.text:__cleanup)
                  00007d60    00000120                 : _io_perm.obj (.text:__wrt_ok)
                  00007e80    00000120                 : lowlev.obj (.text:_close)
                  00007fa0    00000120                 : exit.obj (.text:_exit)
                  000080c0    00000120                 : fseek.obj (.text:_fseek)
                  000081e0    00000120                 : memset.obj (.text:_memset)
                  00008300    00000120     main.obj (.text:retain)
                  00008420    00000100     rts6200.lib : trgdrv.obj (.text:_HOSTclose)
                  00008520    00000100                 : trgdrv.obj (.text:_HOSTunlink)
                  00008620    00000100                 : cmpd.obj (.text:__cmpd)
                  00008720    00000100                 : _printfi.obj (.text:__div)
                  00008820    00000100                 : imath40.obj (.text:__divli)
                  00008920    00000100                 : _printfi.obj (.text:__pconv_f)
                  00008a20    000000e0                 : fflush.obj (.text:__doflush)
                  00008b00    000000e0                 : _printfi.obj (.text:__ecpy)
                  00008be0    000000e0                 : _printfi.obj (.text:__fcpy)
                  00008cc0    000000e0                 : memory.obj (.text:_minsert)
                  00008da0    000000e0                 : memory.obj (.text:_mremove)
                  00008e80    000000c0                 : divu.obj (.text:__divu)
                  00008f40    000000c0                 : fixdi.obj (.text:__fixdi)
                  00009000    000000c0                 : imath40.obj (.text:__remli)
                  000090c0    000000c0                 : cpy_tbl.obj (.text:_copy_in)
                  00009180    000000c0                 : lowlev.obj (.text:_finddevice)
                  00009240    000000a0                 : fixdli.obj (.text:__fixdli)
                  000092e0    000000a0                 : llshift.obj (.text:__llshl)
                  00009380    000000a0                 : mpyll.obj (.text:__mpyll)
                  00009420    000000a0                 : renormd.obj (.text:__renormd)
                  000094c0    000000a0                 : printf.obj (.text:_printf)
                  00009560    000000a0                 : trgmsg.obj (.text:_readmsg)
                  00009600    000000a0     csl6713.lib : csl_irq.obj (.text:_setMux)
                  000096a0    000000a0     rts6200.lib : lowlev.obj (.text:_unlink)
                  00009740    000000a0                 : trgmsg.obj (.text:_writemsg)
                  000097e0    00000080     csl6713.lib : csl_timer.obj (.text:_TIMER_close)
                  00009860    00000080     rts6200.lib : fltlid.obj (.text:__fltlid)
                  000098e0    00000080                 : llshift.obj (.text:__llshru)
                  00009960    00000080                 : boot.obj (.text:_c_int00)
                  000099e0    00000080                 : memccpy.obj (.text:_memccpy)
                  00009a60    00000060     csl6713.lib : csl_timer.obj (.text:_TIMER_configArgs)
                  00009ac0    00000060     rts6200.lib : isinf.obj (.text:___isinf)
                  00009b20    00000060                 : _printfi.obj (.text:___isnan)
                  00009b80    00000060                 : imath64.obj (.text:__subcull)
                  00009be0    00000060                 : subd.obj (.text:__subd)
                  00009c40    00000040     csl6713.lib : csl_irq.obj (.text:_IRQ_enable)
                  00009c80    00000040                 : csl_irq.obj (.text:_IRQ_reset)
                  00009cc0    00000040                 : csl_timer.obj (.text:_TIMER_start)
                  00009d00    00000040     rts6200.lib : args_main.obj (.text:__args_main)
                  00009d40    00000040                 : negd.obj (.text:__negd)
                  00009d80    00000020     csl6713.lib : csl.obj (.text:_CSL6713_LIB_)
                  00009da0    00000020                 : csl_irq.obj (.text:_IRQ_globalEnable)
                  00009dc0    00000020                 : csl_irq.obj (.text:_IRQ_nmiEnable)
                  00009de0    00000020                 : csl_irq.obj (.text:_IRQ_setVecs)
                  00009e00    00000020                 : csl_timer.obj (.text:_TIMER_getEventId)
                  00009e20    00000020                 : csl_timer.obj (.text:_TIMER_pause)
                  00009e40    00000020     rts6200.lib : negll.obj (.text:__negll)
                  00009e60    00000020                 : _lock.obj (.text:__nop)
                  00009e80    00000020                 : printf.obj (.text:__outc)
                  00009ea0    00000020                 : printf.obj (.text:__outs)
                  00009ec0    00000020                 : exit.obj (.text:_abort)
                  00009ee0    00000020                 : remove.obj (.text:_remove)
                  00009f00    00000020     csl6713.lib : csl_irq.obj (.text)
                  00009f20    00000020     vecs_timer1.obj (.text)

.far       0    00009f40    00000670     UNINITIALIZED
                  00009f40    00000324     rts6200.lib : defs.obj (.far)
                  0000a264    0000011c                 : lowlev.obj (.far)
                  0000a380    000000f4     csl6713.lib : csl_irq.obj (.far)
                  0000a474    000000d0     rts6200.lib : trgdrv.obj (.far)
                  0000a544    00000028     csl6713.lib : csl.obj (.far)
                  0000a56c    00000024                 : csl_timer.obj (.far)
                  0000a590    0000000c     rts6200.lib : exit.obj (.far)
                  0000a59c    00000008                 : _lock.obj (.far)
                  0000a5a4    00000008                 : memory.obj (.far)
                  0000a5ac    00000004                 : fopen.obj (.far)

.stack     0    0000a5b0    000003ff     UNINITIALIZED
                  0000a5b0    00000008     rts6200.lib : boot.obj (.stack)
                  0000a5b8    000003f7     --HOLE--

.cinit     0    0000a9b0    00000334     
                  0000a9b0    0000012c     csl6713.lib : csl_irq.obj (.cinit)
                  0000aadc    00000004     --HOLE-- [fill = 0]
                  0000aae0    0000005c     rts6200.lib : defs.obj (.cinit)
                  0000ab3c    00000004     --HOLE-- [fill = 0]
                  0000ab40    0000005c                 : lowlev.obj (.cinit)
                  0000ab9c    00000004     --HOLE-- [fill = 0]
                  0000aba0    0000004c     csl6713.lib : csl_timer.obj (.cinit)
                  0000abec    00000004     --HOLE-- [fill = 0]
                  0000abf0    0000003c                 : csl.obj (.cinit)
                  0000ac2c    00000004     --HOLE-- [fill = 0]
                  0000ac30    0000002c     rts6200.lib : exit.obj (.cinit)
                  0000ac5c    00000004     --HOLE-- [fill = 0]
                  0000ac60    0000002c                 : memory.obj (.cinit)
                  0000ac8c    00000004     --HOLE-- [fill = 0]
                  0000ac90    0000001c     main.obj (.cinit)
                  0000acac    00000004     --HOLE-- [fill = 0]
                  0000acb0    0000001c     rts6200.lib : _lock.obj (.cinit)
                  0000accc    00000004     --HOLE-- [fill = 0]
                  0000acd0    0000000c                 : fopen.obj (.cinit)
                  0000acdc    00000004     --HOLE-- [fill = 0]
                  0000ace0    00000004     (.pad.cinit) [fill = 0]

.data      0    00010000    00000000     UNINITIALIZED

.sysmem    0    00010000    000003ff     UNINITIALIZED
                  00010000    00000008     rts6200.lib : memory.obj (.sysmem)
                  00010008    000003f7     --HOLE--

.const     0    00010400    0000014e     
                  00010400    00000101     rts6200.lib : ctype.obj (.const:__ctypes_)
                  00010501    00000023                 : _printfi.obj (.const:.string)
                  00010524    00000020     main.obj (.const:.string)
                  00010544    00000008     rts6200.lib : divd.obj (.const:_initial_approx$1)
                  0001054c    00000002                 : fputs.obj (.const:.string)

.cio       0    00010550    00000120     UNINITIALIZED
                  00010550    00000120     rts6200.lib : trgmsg.obj (.cio)

.bss       0    00010670    00000010     UNINITIALIZED
                  00010670    00000010     main.obj (.bss)


GLOBAL SYMBOLS: SORTED ALPHABETICALLY BY Name 

address    name
--------   ----
00010670   $bss
00010670   .bss
00010000   .data
00000000   .text
00009ec0   C$$EXIT
000097b8   C$$IO$$
00009d80   _CSL6713_LIB_
00008420   _HOSTclose
00006c00   _HOSTlseek
000078e0   _HOSTopen
00007020   _HOSTread
00005540   _HOSTrename
00008520   _HOSTunlink
00007a00   _HOSTwrite
00009c40   _IRQ_enable
00009da0   _IRQ_globalEnable
00006200   _IRQ_map
00009dc0   _IRQ_nmiEnable
00009c80   _IRQ_reset
00009de0   _IRQ_setVecs
000097e0   _TIMER_close
00009a60   _TIMER_configArgs
00009e00   _TIMER_getEventId
00007160   _TIMER_open
00009e20   _TIMER_pause
00007b20   _TIMER_reset
00009cc0   _TIMER_start
00004b5c   _TimerEventHandler
00010550   __CIOBUF_
00005760   __CSL_init
0000a46c   __IRQ_dispatchTable
0000a3a8   __IRQ_eventTable
00009f00   __IRQ_hookFetchPacket
00005f60   __IRQ_init
0000a42c   __IRQ_intTable
0000a9af   __STACK_END
000003ff   __STACK_SIZE
000003ff   __SYSMEM_SIZE
0000a56c   __TIMER_deviceTable
0000a58c   __TIMER_hBios
0000a584   __TIMER_hDev0
0000a588   __TIMER_hDev1
00000001   __TI_args_main
0000a598   ___TI_enable_exit_profile_output
ffffffff   ___TI_pprof_out_hndl
ffffffff   ___TI_prof_data_size
ffffffff   ___TI_prof_data_start
ffffffff   ___binit__
00010670   ___bss__
ffffffff   ___c_args__
0000a9b0   ___cinit__
00010000   ___data__
00010000   ___edata__
00010680   ___end__
00009f40   ___etext__
00009ac0   ___isinf
ffffffff   ___pinit__
00000000   ___text__
000040c0   __addd
00009d00   __args_main
00006d60   __auto_init
00008e80   __c6xabi_divu
00007c40   __cleanup
0000a590   __cleanup_ptr
00008620   __cmpd
00010400   __ctypes_
00000000   __divd
00008820   __divli
00008e80   __divu
00004c20   __divul
00002fe0   __divull
00008a20   __doflush
0000a594   __dtors_ptr
00008f40   __fixdi
00009240   __fixdli
00009860   __fltlid
00003a80   __frcaddd
000072a0   __frcmpyd
00006ec0   __frcmpyd_div
0000a260   __ft_end
00009f40   __ftable
000092e0   __llshl
000098e0   __llshru
0000a59c   __lock
00003da0   __mpyd
00009380   __mpyll
00009d40   __negd
00009e40   __negll
00009e60   __nop
00001440   __printfi
00009000   __remli
00009420   __renormd
0000a5b0   __stack
00009b80   __subcull
00009be0   __subd
00010000   __sys_memory
0000a120   __tmpnams
0000a5a0   __unlock
00007d60   __wrt_ok
00009ec0   _abort
000073e0   _atoi
00009960   _c_int00
00008300   _c_int14
00007e80   _close
000090c0   _copy_in
00007fa0   _exit
00006a80   _fclose
000068e0   _fputc
00002c00   _fputs
00003700   _free
000080c0   _fseek
00007520   _lseek
00007660   _ltoa
000049e8   _main
000050c0   _malloc
000099e0   _memccpy
00005300   _memcpy
000081e0   _memset
000094c0   _printf
000068e0   _putc
00009560   _readmsg
00009ee0   _remove
00005b80   _setvbuf
000096a0   _unlink
00006020   _vector1
00006140   _vector10
00006160   _vector11
00006180   _vector12
000061a0   _vector13
000061e0   _vector15
00006040   _vector2
00006060   _vector3
00006080   _vector4
000060a0   _vector5
000060c0   _vector6
000060e0   _vector7
00006100   _vector8
00006120   _vector9
00006000   _vectors
000077a0   _write
00009740   _writemsg
ffffffff   binit
0000a9b0   cinit
00010000   edata
00010680   end
00009f40   etext
ffffffff   pinit


GLOBAL SYMBOLS: SORTED BY Symbol Address 

address    name
--------   ----
00000000   .text
00000000   ___text__
00000000   __divd
00000001   __TI_args_main
000003ff   __STACK_SIZE
000003ff   __SYSMEM_SIZE
00001440   __printfi
00002c00   _fputs
00002fe0   __divull
00003700   _free
00003a80   __frcaddd
00003da0   __mpyd
000040c0   __addd
000049e8   _main
00004b5c   _TimerEventHandler
00004c20   __divul
000050c0   _malloc
00005300   _memcpy
00005540   _HOSTrename
00005760   __CSL_init
00005b80   _setvbuf
00005f60   __IRQ_init
00006000   _vectors
00006020   _vector1
00006040   _vector2
00006060   _vector3
00006080   _vector4
000060a0   _vector5
000060c0   _vector6
000060e0   _vector7
00006100   _vector8
00006120   _vector9
00006140   _vector10
00006160   _vector11
00006180   _vector12
000061a0   _vector13
000061e0   _vector15
00006200   _IRQ_map
000068e0   _fputc
000068e0   _putc
00006a80   _fclose
00006c00   _HOSTlseek
00006d60   __auto_init
00006ec0   __frcmpyd_div
00007020   _HOSTread
00007160   _TIMER_open
000072a0   __frcmpyd
000073e0   _atoi
00007520   _lseek
00007660   _ltoa
000077a0   _write
000078e0   _HOSTopen
00007a00   _HOSTwrite
00007b20   _TIMER_reset
00007c40   __cleanup
00007d60   __wrt_ok
00007e80   _close
00007fa0   _exit
000080c0   _fseek
000081e0   _memset
00008300   _c_int14
00008420   _HOSTclose
00008520   _HOSTunlink
00008620   __cmpd
00008820   __divli
00008a20   __doflush
00008e80   __c6xabi_divu
00008e80   __divu
00008f40   __fixdi
00009000   __remli
000090c0   _copy_in
00009240   __fixdli
000092e0   __llshl
00009380   __mpyll
00009420   __renormd
000094c0   _printf
00009560   _readmsg
000096a0   _unlink
00009740   _writemsg
000097b8   C$$IO$$
000097e0   _TIMER_close
00009860   __fltlid
000098e0   __llshru
00009960   _c_int00
000099e0   _memccpy
00009a60   _TIMER_configArgs
00009ac0   ___isinf
00009b80   __subcull
00009be0   __subd
00009c40   _IRQ_enable
00009c80   _IRQ_reset
00009cc0   _TIMER_start
00009d00   __args_main
00009d40   __negd
00009d80   _CSL6713_LIB_
00009da0   _IRQ_globalEnable
00009dc0   _IRQ_nmiEnable
00009de0   _IRQ_setVecs
00009e00   _TIMER_getEventId
00009e20   _TIMER_pause
00009e40   __negll
00009e60   __nop
00009ec0   C$$EXIT
00009ec0   _abort
00009ee0   _remove
00009f00   __IRQ_hookFetchPacket
00009f40   ___etext__
00009f40   __ftable
00009f40   etext
0000a120   __tmpnams
0000a260   __ft_end
0000a3a8   __IRQ_eventTable
0000a42c   __IRQ_intTable
0000a46c   __IRQ_dispatchTable
0000a56c   __TIMER_deviceTable
0000a584   __TIMER_hDev0
0000a588   __TIMER_hDev1
0000a58c   __TIMER_hBios
0000a590   __cleanup_ptr
0000a594   __dtors_ptr
0000a598   ___TI_enable_exit_profile_output
0000a59c   __lock
0000a5a0   __unlock
0000a5b0   __stack
0000a9af   __STACK_END
0000a9b0   ___cinit__
0000a9b0   cinit
00010000   .data
00010000   ___data__
00010000   ___edata__
00010000   __sys_memory
00010000   edata
00010400   __ctypes_
00010550   __CIOBUF_
00010670   $bss
00010670   .bss
00010670   ___bss__
00010680   ___end__
00010680   end
ffffffff   ___TI_pprof_out_hndl
ffffffff   ___TI_prof_data_size
ffffffff   ___TI_prof_data_start
ffffffff   ___binit__
ffffffff   ___c_args__
ffffffff   ___pinit__
ffffffff   binit
ffffffff   pinit

[147 symbols]
